Component: ARM Compiler 5.05 (build 41) Tool: armlink [4d0eb9]

==============================================================================

Image Symbol Table

    Local Symbols

    Symbol Name                              Value     Ov Type        Size  Object(Section)

    ../clib/angel/rt.s                       0x00000000   Number         0  rt_locale.o ABSOLUTE
    ../clib/angel/rt.s                       0x00000000   Number         0  rt_heap_descriptor.o ABSOLUTE
    ../clib/angel/rt.s                       0x00000000   Number         0  rt_ctype_table.o ABSOLUTE
    ../clib/angel/rt.s                       0x00000000   Number         0  rt_div0.o ABSOLUTE
    ../clib/angel/rt.s                       0x00000000   Number         0  rt_raise.o ABSOLUTE
    ../clib/angel/rt.s                       0x00000000   Number         0  aeabi_idiv0_sigfpe.o ABSOLUTE
    ../clib/angel/rt.s                       0x00000000   Number         0  rt_locale_intlibspace.o ABSOLUTE
    ../clib/angel/rt.s                       0x00000000   Number         0  rt_heap_descriptor_intlibspace.o ABSOLUTE
    ../clib/angel/rt.s                       0x00000000   Number         0  aeabi_idiv0.o ABSOLUTE
    ../clib/angel/sys.s                      0x00000000   Number         0  use_no_semi.o ABSOLUTE
    ../clib/angel/sys.s                      0x00000000   Number         0  indicate_semi.o ABSOLUTE
    ../clib/angel/sys.s                      0x00000000   Number         0  libspace.o ABSOLUTE
    ../clib/angel/sys.s                      0x00000000   Number         0  mutex_dummy.o ABSOLUTE
    ../clib/angel/sysapp.c                   0x00000000   Number         0  sys_command.o ABSOLUTE
    ../clib/angel/sysapp.c                   0x00000000   Number         0  sys_wrch.o ABSOLUTE
    ../clib/angel/sysapp.c                   0x00000000   Number         0  sys_exit.o ABSOLUTE
    ../clib/armsys.c                         0x00000000   Number         0  _get_argv.o ABSOLUTE
    ../clib/armsys.c                         0x00000000   Number         0  argv_veneer.o ABSOLUTE
    ../clib/armsys.c                         0x00000000   Number         0  argv_veneer.o ABSOLUTE
    ../clib/armsys.c                         0x00000000   Number         0  no_argv.o ABSOLUTE
    ../clib/armsys.c                         0x00000000   Number         0  _get_argv_nomalloc.o ABSOLUTE
    ../clib/bigflt.c                         0x00000000   Number         0  bigflt0.o ABSOLUTE
    ../clib/btod.s                           0x00000000   Number         0  btod.o ABSOLUTE
    ../clib/division.s                       0x00000000   Number         0  aeabi_sdiv_cr4.o ABSOLUTE
    ../clib/division.s                       0x00000000   Number         0  aeabi_sdiv_rt_div0_cr4.o ABSOLUTE
    ../clib/division.s                       0x00000000   Number         0  aeabi_sdiv_div0_cr4.o ABSOLUTE
    ../clib/division.s                       0x00000000   Number         0  aeabi_sdiv_rt_cr4.o ABSOLUTE
    ../clib/division.s                       0x00000000   Number         0  rtudiv10.o ABSOLUTE
    ../clib/heap1.c                          0x00000000   Number         0  h1_final_mt.o ABSOLUTE
    ../clib/heap1.c                          0x00000000   Number         0  h1_free_mt.o ABSOLUTE
    ../clib/heap1.c                          0x00000000   Number         0  h1_alloc.o ABSOLUTE
    ../clib/heap1.c                          0x00000000   Number         0  h1_free.o ABSOLUTE
    ../clib/heap1.c                          0x00000000   Number         0  h1_final.o ABSOLUTE
    ../clib/heap1.c                          0x00000000   Number         0  h1_alloc_mt.o ABSOLUTE
    ../clib/heap1.c                          0x00000000   Number         0  h1_extend_mt.o ABSOLUTE
    ../clib/heap1.c                          0x00000000   Number         0  h1_init_mt.o ABSOLUTE
    ../clib/heap1.c                          0x00000000   Number         0  h1_extend.o ABSOLUTE
    ../clib/heap1.c                          0x00000000   Number         0  h1_init.o ABSOLUTE
    ../clib/heap2.c                          0x00000000   Number         0  heap2mt.o ABSOLUTE
    ../clib/heap2.c                          0x00000000   Number         0  heap2.o ABSOLUTE
    ../clib/heap2.c                          0x00000000   Number         0  fdtree.o ABSOLUTE
    ../clib/heapalloc.c                      0x00000000   Number         0  free.o ABSOLUTE
    ../clib/heapalloc.c                      0x00000000   Number         0  maybetermalloc2.o ABSOLUTE
    ../clib/heapalloc.c                      0x00000000   Number         0  maybetermalloc1.o ABSOLUTE
    ../clib/heapalloc.c                      0x00000000   Number         0  init_alloc.o ABSOLUTE
    ../clib/heapalloc.c                      0x00000000   Number         0  maybetermalloc2.o ABSOLUTE
    ../clib/heapalloc.c                      0x00000000   Number         0  maybetermalloc1.o ABSOLUTE
[...]
    mpu_get_region_size                      0x7e000120   ARM Code       0  OBM_StartUp.o(Init)
    mpu_set_region_size                      0x7e000130   ARM Code       0  OBM_StartUp.o(Init)
    mpu_get_region_size_enable               0x7e000154   ARM Code       0  OBM_StartUp.o(Init)
    mpu_get_region_access_ctrl               0x7e00015c   ARM Code       0  OBM_StartUp.o(Init)
    mpu_set_region_access_ctrl               0x7e000164   ARM Code       0  OBM_StartUp.o(Init)
    mpu_enable_region                        0x7e000170   ARM Code       0  OBM_StartUp.o(Init)
    CPUCleanDCacheLine                       0x7e00018c   ARM Code       0  OBM_StartUp.o(Init)
    CPUInvalidateDCacheLine                  0x7e00019c   ARM Code       0  OBM_StartUp.o(Init)
    GetTimer0CNT                             0x7e0002bd   Thumb Code     8  main.o(i.GetTimer0CNT)
    PrepareToExecuteCp                       0x7e0002c9   Thumb Code    82  main.o(i.PrepareToExecuteCp)
    Timer0IntervalInMilli                    0x7e000379   Thumb Code    12  main.o(i.Timer0IntervalInMilli)
    Timer0_enable                            0x7e000385   Thumb Code    24  main.o(i.Timer0_enable)
    bootloader                               0x7e0003a5   Thumb Code   526  main.o(i.bootloader)
    copy_dsp_from_flash_to_psram             0x7e000825   Thumb Code   130  main.o(i.copy_dsp_from_flash_to_psram)
    copy_rf_from_flash_to_psram              0x7e000939   Thumb Code   176  main.o(i.copy_rf_from_flash_to_psram)
    ql_set_external_fs_info                  0x7e000a31   Thumb Code    32  main.o(i.ql_set_external_fs_info)
    region_decompress_from_flash_to_psram    0x7e000a51   Thumb Code   146  main.o(i.region_decompress_from_flash_to_psram)
    boot33_vb                                0x7e000d8a   Data         128  version_block.o(IMGVERBLOCK)
    Image$$CODE$$Base                        0x7e000e0c   Number         0  anon$$obj.o ABSOLUTE
    Load$$CODE$$Base                         0x7e000e0c   Number         0  anon$$obj.o ABSOLUTE
    _printf_n                                0x7e000e0d   Thumb Code     0  _printf_n.o(.ARM.Collect$$_printf_percent$$00000001)
    _printf_percent                          0x7e000e0d   Thumb Code     0  _printf_percent.o(.ARM.Collect$$_printf_percent$$00000000)
    _printf_p                                0x7e000e13   Thumb Code     0  _printf_p.o(.ARM.Collect$$_printf_percent$$00000002)
    _printf_f                                0x7e000e19   Thumb Code     0  _printf_f.o(.ARM.Collect$$_printf_percent$$00000003)
    _printf_e                                0x7e000e1f   Thumb Code     0  _printf_e.o(.ARM.Collect$$_printf_percent$$00000004)
    _printf_g                                0x7e000e25   Thumb Code     0  _printf_g.o(.ARM.Collect$$_printf_percent$$00000005)
    _printf_a                                0x7e000e2b   Thumb Code     0  _printf_a.o(.ARM.Collect$$_printf_percent$$00000006)
    _printf_ll                               0x7e000e31   Thumb Code     0  _printf_ll.o(.ARM.Collect$$_printf_percent$$00000007)
    _printf_i                                0x7e000e3b   Thumb Code     0  _printf_i.o(.ARM.Collect$$_printf_percent$$00000008)
    _printf_d                                0x7e000e41   Thumb Code     0  _printf_d.o(.ARM.Collect$$_printf_percent$$00000009)
    _printf_u                                0x7e000e47   Thumb Code     0  _printf_u.o(.ARM.Collect$$_printf_percent$$0000000A)
    _printf_o                                0x7e000e4d   Thumb Code     0  _printf_o.o(.ARM.Collect$$_printf_percent$$0000000B)
    _printf_x                                0x7e000e53   Thumb Code     0  _printf_x.o(.ARM.Collect$$_printf_percent$$0000000C)
    _printf_lli                              0x7e000e59   Thumb Code     0  _printf_lli.o(.ARM.Collect$$_printf_percent$$0000000D)
    _printf_lld                              0x7e000e5f   Thumb Code     0  _printf_lld.o(.ARM.Collect$$_printf_percent$$0000000E)
    _printf_llu                              0x7e000e65   Thumb Code     0  _printf_llu.o(.ARM.Collect$$_printf_percent$$0000000F)
    _printf_llo                              0x7e000e6b   Thumb Code     0  _printf_llo.o(.ARM.Collect$$_printf_percent$$00000010)
    _printf_llx                              0x7e000e71   Thumb Code     0  _printf_llx.o(.ARM.Collect$$_printf_percent$$00000011)
    _printf_l                                0x7e000e77   Thumb Code     0  _printf_l.o(.ARM.Collect$$_printf_percent$$00000012)
    _printf_c                                0x7e000e81   Thumb Code     0  _printf_c.o(.ARM.Collect$$_printf_percent$$00000013)
    _printf_s                                0x7e000e87   Thumb Code     0  _printf_s.o(.ARM.Collect$$_printf_percent$$00000014)
    _printf_lc                               0x7e000e8d   Thumb Code     0  _printf_lc.o(.ARM.Collect$$_printf_percent$$00000015)
    _printf_ls                               0x7e000e93   Thumb Code     0  _printf_ls.o(.ARM.Collect$$_printf_percent$$00000016)
    _printf_percent_end                      0x7e000e99   Thumb Code     0  _printf_percent_end.o(.ARM.Collect$$_printf_percent$$00000017)
    __rt_lib_init_heap_2                     0x7e000e9d   Thumb Code     0  libinit2.o(.ARM.Collect$$libinit$$0000000A)
    __rt_lib_init_lc_ctype_2                 0x7e000e9d   Thumb Code     0  libinit2.o(.ARM.Collect$$libinit$$00000013)
    __rt_lib_init_lc_numeric_2               0x7e000e9d   Thumb Code     0  libinit2.o(.ARM.Collect$$libinit$$00000017)
    _maybe_terminate_alloc                   0x7e000e9d   Thumb Code     0  maybetermalloc1.o(.emb_text)
    _terminate_user_alloc                    0x7e000e9d   Thumb Code     2  init_alloc.o(.text)
    _init_user_alloc                         0x7e000e9f   Thumb Code     2  init_alloc.o(.text)
    __Heap_Full                              0x7e000ea1   Thumb Code    32  init_alloc.o(.text)
    __Heap_Broken                            0x7e000ec1   Thumb Code     6  init_alloc.o(.text)
    _init_alloc                              0x7e000ec7   Thumb Code    94  init_alloc.o(.text)
    calloc                                   0x7e000f25   Thumb Code    40  calloc.o(.text)
    malloc                                   0x7e000f4d   Thumb Code    94  h1_alloc.o(.text)
    free                                     0x7e000fab   Thumb Code    78  h1_free.o(.text)
    __c89vsnprintf                           0x7e000ff9   Thumb Code    48  c89vsnprintf.o(.text)
    _printf_pre_padding                      0x7e00102d   Thumb Code    44  _printf_pad.o(.text)
    _printf_post_padding                     0x7e001059   Thumb Code    34  _printf_pad.o(.text)
    _printf_longlong_hex                     0x7e00107d   Thumb Code    86  _printf_hex_int_ll_ptr.o(.text)
    _printf_int_hex                          0x7e0010d3   Thumb Code    28  _printf_hex_int_ll_ptr.o(.text)
    _printf_ll_hex                           0x7e0010ef   Thumb Code    12  _printf_hex_int_ll_ptr.o(.text)
    _printf_hex_ptr                          0x7e0010fb   Thumb Code    18  _printf_hex_int_ll_ptr.o(.text)
    __printf                                 0x7e001111   Thumb Code   388  __printf_flags_ss_wp.o(.text)
    memcmp                                   0x7e001299   Thumb Code    88  memcmp.o(.text)
    strlen                                   0x7e0012f1   Thumb Code    58  strlen.o(.text)
    strncmp                                  0x7e00132c   ARM Code     236  strncmp.o(.text)
    __aeabi_memcpy                           0x7e00141c   ARM Code       0  rt_memcpy.o(.text)
    __rt_memcpy                              0x7e00141c   ARM Code     212  rt_memcpy.o(.text)
    _memcpy_lastbytes                        0x7e0014d0   ARM Code       0  rt_memcpy.o(.text)
    __aeabi_memmove                          0x7e0014f0   ARM Code       0  rt_memmove.o(.text)
    __rt_memmove                             0x7e0014f0   ARM Code     212  rt_memmove.o(.text)
    __memmove_lastfew                        0x7e0015a4   ARM Code       0  rt_memmove.o(.text)
    __aeabi_memcpy4                          0x7e0015c4   ARM Code       0  rt_memcpy_w.o(.text)
    __aeabi_memcpy8                          0x7e0015c4   ARM Code       0  rt_memcpy_w.o(.text)
    __rt_memcpy_w                            0x7e0015c4   ARM Code     100  rt_memcpy_w.o(.text)
    _memcpy_lastbytes_aligned                0x7e001610   ARM Code       0  rt_memcpy_w.o(.text)
    __aeabi_memclr                           0x7e001629   Thumb Code     0  rt_memclr.o(.text)
    __rt_memclr                              0x7e001629   Thumb Code    68  rt_memclr.o(.text)
    _memset                                  0x7e00162d   Thumb Code     0  rt_memclr.o(.text)
    __aeabi_memclr4                          0x7e00166d   Thumb Code     0  rt_memclr_w.o(.text)
    __aeabi_memclr8                          0x7e00166d   Thumb Code     0  rt_memclr_w.o(.text)
    __rt_memclr_w                            0x7e00166d   Thumb Code    78  rt_memclr_w.o(.text)
    _memset_w                                0x7e001671   Thumb Code     0  rt_memclr_w.o(.text)
    strcmp                                   0x7e0016bc   ARM Code     240  strcmp.o(.text)
    __aeabi_uread4                           0x7e0017b1   Thumb Code     0  uread4.o(.text)
    __rt_uread4                              0x7e0017b1   Thumb Code    22  uread4.o(.text)
    __rt_heap_descriptor                     0x7e0017c9   Thumb Code     8  rt_heap_descriptor.o(.text)
    __use_no_heap                            0x7e0017d1   Thumb Code     2  hguard.o(.text)
    __heap$guard                             0x7e0017d3   Thumb Code     2  hguard.o(.text)
    __Heap_Initialize                        0x7e0017d5   Thumb Code    10  h1_init.o(.text)
    __Heap_DescSize                          0x7e0017df   Thumb Code     4  h1_init.o(.text)
    __Heap_ProvideMemory                     0x7e0017e3   Thumb Code    48  h1_extend.o(.text)
    _printf_truncate_signed                  0x7e001813   Thumb Code    18  _printf_truncate.o(.text)
    _printf_truncate_unsigned                0x7e001825   Thumb Code    18  _printf_truncate.o(.text)
    _printf_str                              0x7e001837   Thumb Code    82  _printf_str.o(.text)
    _printf_int_common                       0x7e001889   Thumb Code   178  _printf_intcommon.o(.text)
    _printf_int_dec                          0x7e00193d   Thumb Code    96  _printf_dec.o(.text)
    _printf_charcount                        0x7e0019ad   Thumb Code    40  _printf_charcount.o(.text)
    _printf_char_common                      0x7e0019df   Thumb Code    32  _printf_char_common.o(.text)
    _sputc                                   0x7e001a05   Thumb Code    10  _sputc.o(.text)
    _snputc                                  0x7e001a0f   Thumb Code    16  _snputc.o(.text)
    _printf_wctomb                           0x7e001a21   Thumb Code   182  _printf_wctomb.o(.text)
    _printf_longlong_dec                     0x7e001add   Thumb Code   108  _printf_longlong_dec.o(.text)
    _printf_longlong_oct                     0x7e001b59   Thumb Code    68  _printf_oct_int_ll.o(.text)
    _printf_int_oct                          0x7e001b9d   Thumb Code    24  _printf_oct_int_ll.o(.text)
    _printf_ll_oct                           0x7e001bb5   Thumb Code    12  _printf_oct_int_ll.o(.text)
    __rt_SIGRTMEM                            0x7e001bc9   Thumb Code    14  defsig_rtmem_outer.o(.text)
    __aeabi_memmove4                         0x7e001bd8   ARM Code       0  rt_memmove_w.o(.text)
    __aeabi_memmove8                         0x7e001bd8   ARM Code       0  rt_memmove_w.o(.text)
    __rt_memmove_w                           0x7e001bd8   ARM Code     128  rt_memmove_w.o(.text)
    __memmove_aligned                        0x7e001c04   ARM Code       0  rt_memmove_w.o(.text)
    __memmove_lastfew_aligned                0x7e001c40   ARM Code       0  rt_memmove_w.o(.text)
    __rt_heap_escrow                         0x7e001c59   Thumb Code    22  heapauxa.o(.text)
    __rt_heap_expand                         0x7e001c6f   Thumb Code    52  heapauxa.o(.text)
    __I$use$semihosting                      0x7e001ca9   Thumb Code     0  use_no_semi.o(.text)
    __use_no_semihosting_swi                 0x7e001ca9   Thumb Code     2  use_no_semi.o(.text)
    __semihosting_library_function           0x7e001cab   Thumb Code     0  indicate_semi.o(.text)
    _ll_udiv10                               0x7e001cac   ARM Code     152  lludiv10.o(.text)
    __lib_sel_fp_printf                      0x7e001d45   Thumb Code     2  _printf_fp_dec.o(.text)
    _printf_fp_dec_real                      0x7e001ef5   Thumb Code   606  _printf_fp_dec.o(.text)
    _printf_cs_common                        0x7e002153   Thumb Code    20  _printf_char.o(.text)
    _printf_char                             0x7e002167   Thumb Code    16  _printf_char.o(.text)
    _printf_string                           0x7e002177   Thumb Code     8  _printf_char.o(.text)
    _printf_lcs_common                       0x7e00217f   Thumb Code    20  _printf_wchar.o(.text)
    _printf_wchar                            0x7e002193   Thumb Code    16  _printf_wchar.o(.text)
    _printf_wstring                          0x7e0021a3   Thumb Code     8  _printf_wchar.o(.text)
    _wcrtomb                                 0x7e0021ab   Thumb Code    64  _wcrtomb.o(.text)
    __sig_exit                               0x7e0021eb   Thumb Code    10  defsig_exit.o(.text)
    __rt_SIGRTMEM_inner                      0x7e0021f5   Thumb Code    22  defsig_rtmem_inner.o(.text)
    __rt_udiv10                              0x7e002244   ARM Code      44  rtudiv10.o(.text)
    _sys_exit                                0x7e002271   Thumb Code     8  sys_exit.o(.text)
    __rt_ctype_table                         0x7e00227d   Thumb Code    16  rt_ctype_table.o(.text)
    __rt_locale                              0x7e00228d   Thumb Code     8  rt_locale.o(.text)
    _printf_fp_infnan                        0x7e002295   Thumb Code   112  _printf_fp_infnan.o(.text)
    _btod_etento                             0x7e002315   Thumb Code   210  bigflt0.o(.text)
    __default_signal_display                 0x7e0023ed   Thumb Code    50  defsig_general.o(.text)
    _ttywrch                                 0x7e00241f   Thumb Code    14  sys_wrch.o(.text)
    _btod_d2e                                0x7e00242d   Thumb Code    62  btod.o(CL$$btod_d2e)
    _d2e_denorm_low                          0x7e00246b   Thumb Code    70  btod.o(CL$$btod_d2e_denorm_low)
    _d2e_norm_op1                            0x7e0024b1   Thumb Code    96  btod.o(CL$$btod_d2e_norm_op1)
    __btod_div_common                        0x7e002511   Thumb Code   696  btod.o(CL$$btod_div_common)
    _e2e                                     0x7e002849   Thumb Code   198  btod.o(CL$$btod_e2e)
    _btod_ediv                               0x7e00290f   Thumb Code    40  btod.o(CL$$btod_ediv)
    _btod_emul                               0x7e002937   Thumb Code    40  btod.o(CL$$btod_emul)
    __btod_mult_common                       0x7e00295f   Thumb Code   580  btod.o(CL$$btod_mult_common)
    Long ARM to Thumb Veneer to LzmaDecode   0x7e002ba4   ARM Code       8  anon$$obj.o(Veneer$$Code)
    Long ARM to Thumb Veneer to psram_phy_fc_config 0x7e002bac   ARM Code       8  anon$$obj.o(Veneer$$Code)
    AIB_Secure_Read                          0x7e002bb5   Thumb Code    18  pmic.o(i.AIB_Secure_Read)
    AIB_Secure_Write                         0x7e002bcd   Thumb Code    18  pmic.o(i.AIB_Secure_Write)
    CacheCleanMemory                         0x7e002bfd   Thumb Code    24  system.o(i.CacheCleanMemory)
    GPIO_MFPR_ADDR                           0x7e002dc1   Thumb Code   450  quec_startup_gpio.o(i.GPIO_MFPR_ADDR)
    GetChipID                                0x7e002fd9   Thumb Code    18  bsp_tavor.o(i.GetChipID)
    GetCompressedType                        0x7e002ff5   Thumb Code    68  asr_lzma.o(i.GetCompressedType)
    GetLongChipID                            0x7e0030a5   Thumb Code    20  bsp_tavor.o(i.GetLongChipID)
    GetPMICID                                0x7e0030c1   Thumb Code    52  pmic.o(i.GetPMICID)
    GuilinClkInit                            0x7e003121   Thumb Code   162  guilin.o(i.GuilinClkInit)
    GuilinLiteClkInit                        0x7e0031c3   Thumb Code    40  guilin_lite.o(i.GuilinLiteClkInit)
    GuilinLiteRead                           0x7e0031eb   Thumb Code    38  guilin_lite.o(i.GuilinLiteRead)
    GuilinLiteWrite                          0x7e003211   Thumb Code    34  guilin_lite.o(i.GuilinLiteWrite)
    GuilinLite_LDO_Set_Enable                0x7e003233   Thumb Code    84  guilin_lite.o(i.GuilinLite_LDO_Set_Enable)
    GuilinLite_Ldo_7_set                     0x7e003287   Thumb Code     8  guilin_lite.o(i.GuilinLite_Ldo_7_set)
    GuilinRead                               0x7e00328f   Thumb Code    50  guilin.o(i.GuilinRead)
    GuilinWrite                              0x7e0032c1   Thumb Code    48  guilin.o(i.GuilinWrite)
    I2CReceive                               0x7e0032f1   Thumb Code     4  pmic.o(i.I2CReceive)
    I2CSend                                  0x7e0032f5   Thumb Code     4  pmic.o(i.I2CSend)
    InitializeSPIDevice                      0x7e0032f9   Thumb Code   130  SPI.o(i.InitializeSPIDevice)
    IsChipCraneL                             0x7e0033bd   Thumb Code    22  bsp_tavor.o(i.IsChipCraneL)
    IsChipCraneLR                            0x7e0033d3   Thumb Code    22  bsp_tavor.o(i.IsChipCraneLR)
    IsChipCraneLS                            0x7e0033e9   Thumb Code    22  bsp_tavor.o(i.IsChipCraneLS)
    IsChipCraneLS_A0                         0x7e003401   Thumb Code    20  bsp_tavor.o(i.IsChipCraneLS_A0)
    IsChipCraneM                             0x7e003419   Thumb Code    22  bsp_tavor.o(i.IsChipCraneM)
    LzmaUncompress                           0x7e003431   Thumb Code    74  LzmaLib.o(i.LzmaUncompress)
    MyAlloc                                  0x7e003671   Thumb Code    10  LzmaLib.o(i.MyAlloc)
    NingboClkInit                            0x7e00367d   Thumb Code   260  ningbo.o(i.NingboClkInit)
    NingboRead                               0x7e0037a9   Thumb Code    50  ningbo.o(i.NingboRead)
    NingboWrite                              0x7e0037db   Thumb Code    48  ningbo.o(i.NingboWrite)
    OTA_Check_FotaImage                      0x7e00380d   Thumb Code    94  ota.o(i.OTA_Check_FotaImage)
    PMIC_FAULT_WU_ENABLE                     0x7e003cf9   Thumb Code    62  pmic.o(i.PMIC_FAULT_WU_ENABLE)
    PMIC_FAULT_WU_EN_ENABLE                  0x7e003d3d   Thumb Code    62  pmic.o(i.PMIC_FAULT_WU_EN_ENABLE)
    PMIC_ID_GET                              0x7e003d81   Thumb Code    22  pmic.o(i.PMIC_ID_GET)
    PMIC_IS_PM802                            0x7e003d9d   Thumb Code    16  pmic.o(i.PMIC_IS_PM802)
    PMIC_IS_PM802S                           0x7e003db1   Thumb Code    14  pmic.o(i.PMIC_IS_PM802S)
    PMIC_IS_PM803                            0x7e003dbf   Thumb Code    18  pmic.o(i.PMIC_IS_PM803)
    PMIC_IS_PM813                            0x7e003dd1   Thumb Code    20  pmic.o(i.PMIC_IS_PM813)
    PMIC_IS_PM813S                           0x7e003de9   Thumb Code    16  pmic.o(i.PMIC_IS_PM813S)
    PMIC_Init                                0x7e003dfd   Thumb Code    72  pmic.o(i.PMIC_Init)
    PMIC_READ_REG_BASE                       0x7e003e49   Thumb Code     8  pmic.o(i.PMIC_READ_REG_BASE)
    PMIC_SW_RESET                            0x7e003e51   Thumb Code   118  pmic.o(i.PMIC_SW_RESET)
    PMIC_Set_CP_UART_PowerOff_and_AIB_3_3V   0x7e003eed   Thumb Code    44  pmic.o(i.PMIC_Set_CP_UART_PowerOff_and_AIB_3_3V)
    PMIC_WRITE_REG_BASE                      0x7e003f1d   Thumb Code    10  pmic.o(i.PMIC_WRITE_REG_BASE)
    PsramPhyFreqChangeTo350                  0x7e003f29   Thumb Code    18  FreqChange.o(i.PsramPhyFreqChangeTo350)
    PsramPhyFreqChangeTo416                  0x7e003f59   Thumb Code    18  FreqChange.o(i.PsramPhyFreqChangeTo416)
    QUEC_SPI_NOR_Erase_Sector                0x7e003f89   Thumb Code    40  quec_spi_nor.o(i.QUEC_SPI_NOR_Erase_Sector)
    QUEC_SPI_NOR_Init                        0x7e003fcd   Thumb Code    96  quec_spi_nor.o(i.QUEC_SPI_NOR_Init)
    QUEC_SPI_NOR_Read                        0x7e004095   Thumb Code    56  quec_spi_nor.o(i.QUEC_SPI_NOR_Read)
    QUEC_SPI_NOR_ReadID                      0x7e004115   Thumb Code    46  quec_spi_nor.o(i.QUEC_SPI_NOR_ReadID)
    QUEC_SPI_NOR_Write                       0x7e004149   Thumb Code    58  quec_spi_nor.o(i.QUEC_SPI_NOR_Write)
    QUEC_SPI_SSP0_PIO_Read                   0x7e0041cd   Thumb Code   150  quec_spi.o(i.QUEC_SPI_SSP0_PIO_Read)
    QUEC_SPI_SSP0_PIO_Write                  0x7e004269   Thumb Code   122  quec_spi.o(i.QUEC_SPI_SSP0_PIO_Write)
    QUEC_SPI_SSP2_PIO_Read                   0x7e0042e9   Thumb Code   150  quec_spi.o(i.QUEC_SPI_SSP2_PIO_Read)
    QUEC_SPI_SSP2_PIO_Write                  0x7e004385   Thumb Code   122  quec_spi.o(i.QUEC_SPI_SSP2_PIO_Write)
    SPINOR_EraseBySector                     0x7e0044fd   Thumb Code   104  SPI.o(i.SPINOR_EraseBySector)
    SPINOR_ReadId                            0x7e004761   Thumb Code    74  SPI.o(i.SPINOR_ReadId)
    SPINOR_Read_PIO                          0x7e004875   Thumb Code   130  SPI.o(i.SPINOR_Read_PIO)
    SPINOR_Write_PIO                         0x7e004b1d   Thumb Code   170  SPI.o(i.SPINOR_Write_PIO)
    USTICAI2CReadDi_AUDIO                    0x7e0050ed   Thumb Code     8  pmic.o(i.USTICAI2CReadDi_AUDIO)
    USTICAI2CReadDi_GPADC                    0x7e0050f5   Thumb Code     8  pmic.o(i.USTICAI2CReadDi_GPADC)
    USTICAI2CReadDi_TEST                     0x7e0050fd   Thumb Code     8  pmic.o(i.USTICAI2CReadDi_TEST)
    USTICAI2CReadDi_base                     0x7e005105   Thumb Code     8  pmic.o(i.USTICAI2CReadDi_base)
    USTICAI2CReadDi_power                    0x7e00510d   Thumb Code     8  pmic.o(i.USTICAI2CReadDi_power)
    USTICAI2CWriteDi_AUDIO                   0x7e005115   Thumb Code    10  pmic.o(i.USTICAI2CWriteDi_AUDIO)
    USTICAI2CWriteDi_GPADC                   0x7e00511f   Thumb Code    10  pmic.o(i.USTICAI2CWriteDi_GPADC)
    USTICAI2CWriteDi_TEST                    0x7e005129   Thumb Code    10  pmic.o(i.USTICAI2CWriteDi_TEST)
    USTICAI2CWriteDi_base                    0x7e005133   Thumb Code    10  pmic.o(i.USTICAI2CWriteDi_base)
    USTICAI2CWriteDi_power                   0x7e00513d   Thumb Code    10  pmic.o(i.USTICAI2CWriteDi_power)
    __ARM_fpclassify                         0x7e005147   Thumb Code    40  fpclassify.o(i.__ARM_fpclassify)
    __syscall_get_handler                    0x7e0053a1   Thumb Code    14  syscall.o(i.__syscall_get_handler)
    _is_digit                                0x7e0053f9   Thumb Code    14  __printf_wp.o(i._is_digit)
    aboot_sys_getversion                     0x7e005407   Thumb Code    20  syscall_ver.o(i.aboot_sys_getversion)
    asr_property_area_init                   0x7e0054c9   Thumb Code   102  asr_property.o(i.asr_property_area_init)
    asr_property_dump                        0x7e005565   Thumb Code     4  asr_property.o(i.asr_property_dump)
    asr_property_get                         0x7e005569   Thumb Code    42  asr_property.o(i.asr_property_get)
    asr_property_set                         0x7e005599   Thumb Code   148  asr_property.o(i.asr_property_set)
    bbu_qspi_init                            0x7e005631   Thumb Code   148  qspi_core.o(i.bbu_qspi_init)
    cp_uart_init                             0x7e005839   Thumb Code   104  uart.o(i.cp_uart_init)
    cp_uart_putc                             0x7e0058b1   Thumb Code    16  uart.o(i.cp_uart_putc)
    crane_qspi_erase                         0x7e0058c5   Thumb Code    48  qspi_core.o(i.crane_qspi_erase)
    crane_qspi_write                         0x7e0058f9   Thumb Code    48  qspi_core.o(i.crane_qspi_write)
    crane_spi_erase                          0x7e00592d   Thumb Code    64  quec_spi_nor.o(i.crane_spi_erase)
    crane_spi_read                           0x7e005971   Thumb Code    12  quec_spi_nor.o(i.crane_spi_read)
    crane_spi_write                          0x7e005981   Thumb Code    12  quec_spi_nor.o(i.crane_spi_write)
    disable_psram_cache                      0x7e0059ab   Thumb Code    80  system.o(i.disable_psram_cache)
    dma_map_device_to_channel                0x7e0059fd   Thumb Code    40  qspi_dma.o(i.dma_map_device_to_channel)
    dma_set_mode                             0x7e005a29   Thumb Code    34  qspi_dma.o(i.dma_set_mode)
    dma_set_reg_nf                           0x7e005a51   Thumb Code    38  qspi_dma.o(i.dma_set_reg_nf)
    dma_xfer_start                           0x7e005a7d   Thumb Code    36  qspi_dma.o(i.dma_xfer_start)
    dump_loadtable                           0x7e005ac1   Thumb Code     2  loadtable.o(i.dump_loadtable)
    enable_psram_cache                       0x7e005ac3   Thumb Code    28  system.o(i.enable_psram_cache)
    fip_get_image_info                       0x7e005adf   Thumb Code    22  fip_v2.o(i.fip_get_image_info)
    fip_get_image_info_by_uuid               0x7e005af5   Thumb Code   212  fip_v2.o(i.fip_get_image_info_by_uuid)
    fip_open                                 0x7e005c39   Thumb Code   198  fip_v2.o(i.fip_open)
    getPsramFuse                             0x7e005dc5   Thumb Code    20  utilities.o(i.getPsramFuse)
    get_cp_exec_addr                         0x7e005e05   Thumb Code    10  loadtable.o(i.get_cp_exec_addr)
    get_dsp_backup_addr                      0x7e005e15   Thumb Code    10  loadtable.o(i.get_dsp_backup_addr)
    get_dsp_backup_end_addr                  0x7e005e25   Thumb Code    10  loadtable.o(i.get_dsp_backup_end_addr)
    get_dsp_backup_size                      0x7e005e35   Thumb Code    10  loadtable.o(i.get_dsp_backup_size)
    get_fota_param_end_addr                  0x7e005e45   Thumb Code    32  loadtable.o(i.get_fota_param_end_addr)
    get_fota_param_start_addr                0x7e005e89   Thumb Code    28  loadtable.o(i.get_fota_param_start_addr)
    get_rf_load_addr                         0x7e006121   Thumb Code    62  loadtable.o(i.get_rf_load_addr)
    get_rw_cpz_struct_addr                   0x7e006205   Thumb Code     8  loadtable.o(i.get_rw_cpz_struct_addr)
    get_updater_copy_size                    0x7e006211   Thumb Code    16  loadtable.o(i.get_updater_copy_size)
    get_updater_end_addr                     0x7e006221   Thumb Code    74  loadtable.o(i.get_updater_end_addr)
    get_updater_start_addr                   0x7e006291   Thumb Code    66  loadtable.o(i.get_updater_start_addr)
    get_updater_vb                           0x7e006325   Thumb Code   174  ota.o(i.get_updater_vb)
    ifPsramLimit200M                         0x7e006451   Thumb Code    34  utilities.o(i.ifPsramLimit200M)
    loadtable_init                           0x7e0064bd   Thumb Code    34  loadtable.o(i.loadtable_init)
    malloc_init                              0x7e006505   Thumb Code     4  tinyalloc.o(i.malloc_init)
    mdelay                                   0x7e006509   Thumb Code    32  pmic.o(i.mdelay)
    mpu_set_by_region_size                   0x7e006529   Thumb Code    58  system.o(i.mpu_set_by_region_size)
    mpu_set_region                           0x7e006599   Thumb Code    82  system.o(i.mpu_set_region)
    mpu_value_check                          0x7e00661d   Thumb Code     2  system.o(i.mpu_value_check)
    ota_entry                                0x7e006621   Thumb Code   702  ota.o(i.ota_entry)
    ptable_find_entry                        0x7e006bd5   Thumb Code    52  ptable.o(i.ptable_find_entry)
    ptable_init                              0x7e006c0d   Thumb Code    20  ptable.o(i.ptable_init)
    ql_gpio_get_direction                    0x7e006c29   Thumb Code    64  quec_startup_gpio.o(i.ql_gpio_get_direction)
    ql_gpio_set_direction                    0x7e006c7d   Thumb Code   104  quec_startup_gpio.o(i.ql_gpio_set_direction)
    ql_gpio_set_level                        0x7e006cfd   Thumb Code    52  quec_startup_gpio.o(i.ql_gpio_set_level)
    qspi_clock_change                        0x7e006d71   Thumb Code    70  qspi_host.o(i.qspi_clock_change)
    qspi_cmd_done_interrupt                  0x7e006dbd   Thumb Code    16  qspi_host.o(i.qspi_cmd_done_interrupt)
    qspi_cmd_done_pio                        0x7e006dd1   Thumb Code    32  qspi_host.o(i.qspi_cmd_done_pio)
    qspi_config_lookup_tbl                   0x7e006df1   Thumb Code   272  qspi_host.o(i.qspi_config_lookup_tbl)
    qspi_enable_ahb_preempt                  0x7e006f65   Thumb Code    20  qspi_host.o(i.qspi_enable_ahb_preempt)
    qspi_enable_xip                          0x7e006f7d   Thumb Code    46  qspi_host.o(i.qspi_enable_xip)
    qspi_enter_mode                          0x7e006fad   Thumb Code    26  qspi_host.o(i.qspi_enter_mode)
    qspi_host_init                           0x7e007039   Thumb Code   246  qspi_host.o(i.qspi_host_init)
    qspi_init_ahb                            0x7e007149   Thumb Code    82  qspi_host.o(i.qspi_init_ahb)
    qspi_memcpy                              0x7e0071a1   Thumb Code    24  qspi_host.o(i.qspi_memcpy)
    qspi_memset                              0x7e0071b9   Thumb Code    18  qspi_nor.o(i.qspi_memset)
    qspi_preinit_lookup_tbl                  0x7e007281   Thumb Code    66  qspi_host.o(i.qspi_preinit_lookup_tbl)
    qspi_start_cmd                           0x7e007369   Thumb Code     4  qspi_host.o(i.qspi_start_cmd)
    qspi_start_dma_xfer                      0x7e00736d   Thumb Code    52  qspi_host.o(i.qspi_start_dma_xfer)
    quec_gpio_set_value                      0x7e007411   Thumb Code    28  quec_startup_gpio.o(i.quec_gpio_set_value)
    quec_spi_init                            0x7e00742d   Thumb Code    42  quec_spi_nor.o(i.quec_spi_init)
    quec_spi_pin_select                      0x7e007481   Thumb Code    24  quec_spi_nor.o(i.quec_spi_pin_select)
    readPsramFuse                            0x7e00749d   Thumb Code    84  utilities.o(i.readPsramFuse)
    read_data_from_memory                    0x7e00750d   Thumb Code    42  fip_v2.o(i.read_data_from_memory)
    reset_all_mpu_reg                        0x7e007537   Thumb Code    32  system.o(i.reset_all_mpu_reg)
    secboot_deinit                           0x7e007559   Thumb Code    28  secboot_v2.o(i.secboot_deinit)
    secboot_init                             0x7e007595   Thumb Code    90  secboot_v2.o(i.secboot_init)
    secboot_is_fuse_enabled                  0x7e007699   Thumb Code    30  secboot_v2.o(i.secboot_is_fuse_enabled)
    secboot_item_check                       0x7e0076cd   Thumb Code   638  secboot_v2.o(i.secboot_item_check)
    secboot_item_get_img_addr_size           0x7e007b99   Thumb Code   102  secboot_v2.o(i.secboot_item_get_img_addr_size)
    secboot_read_cert                        0x7e007c3d   Thumb Code    44  secboot_v2.o(i.secboot_read_cert)
    set_mpu_reg_arom                         0x7e007c69   Thumb Code    30  system.o(i.set_mpu_reg_arom)
    set_mpu_reg_asic_reg                     0x7e007c8d   Thumb Code    30  system.o(i.set_mpu_reg_asic_reg)
    set_mpu_reg_background                   0x7e007cab   Thumb Code    36  system.o(i.set_mpu_reg_background)
    set_mpu_reg_dtcm                         0x7e007cd1   Thumb Code    30  system.o(i.set_mpu_reg_dtcm)
    set_mpu_reg_flash                        0x7e007cf5   Thumb Code    30  system.o(i.set_mpu_reg_flash)
    set_mpu_reg_itcm                         0x7e007d13   Thumb Code    30  system.o(i.set_mpu_reg_itcm)
    set_mpu_reg_psram                        0x7e007d31   Thumb Code    82  system.o(i.set_mpu_reg_psram)
    set_mpu_reg_squ                          0x7e007d83   Thumb Code    58  system.o(i.set_mpu_reg_squ)
    spi_nor_erase                            0x7e0080d9   Thumb Code   224  qspi_nor.o(i.spi_nor_erase)
    spi_nor_init                             0x7e0082f5   Thumb Code   366  qspi_nor.o(i.spi_nor_init)
    syscall_get_handler                      0x7e008a01   Thumb Code    10  syscall.o(i.syscall_get_handler)
    syscall_init                             0x7e008a11   Thumb Code    20  syscall.o(i.syscall_init)
    ta_alloc                                 0x7e008a29   Thumb Code    30  tinyalloc.o(i.ta_alloc)
    ta_free                                  0x7e008a75   Thumb Code    54  tinyalloc.o(i.ta_free)
    ta_init                                  0x7e008ab1   Thumb Code    54  tinyalloc.o(i.ta_init)
    tiny_free                                0x7e008aed   Thumb Code     4  tinyalloc.o(i.tiny_free)
    tiny_malloc                              0x7e008af1   Thumb Code     4  tinyalloc.o(i.tiny_malloc)
    tls_deinit                               0x7e008af5   Thumb Code    26  syscall_secboot.o(i.tls_deinit)
    tls_init                                 0x7e008b0f   Thumb Code    30  syscall_secboot.o(i.tls_init)
    tls_verify_hash_from_io_dev              0x7e008b2d   Thumb Code    52  syscall_secboot.o(i.tls_verify_hash_from_io_dev)
    tls_verify_signature                     0x7e008b61   Thumb Code    68  syscall_secboot.o(i.tls_verify_signature)
    tls_x509_check_integrity                 0x7e008ba5   Thumb Code    38  syscall_secboot.o(i.tls_x509_check_integrity)
    tls_x509_get_auth_param                  0x7e008bcb   Thumb Code    52  syscall_secboot.o(i.tls_x509_get_auth_param)
    uart_printf                              0x7e008c01   Thumb Code    54  uart.o(i.uart_printf)
    udelay                                   0x7e008c3d   Thumb Code     2  qspi_host.o(i.udelay)
    usticaInit                               0x7e008c63   Thumb Code    14  pmic.o(i.usticaInit)
    ustica_I2CConfigureDi                    0x7e008c71   Thumb Code    66  pmic.o(i.ustica_I2CConfigureDi)
    ustica_I2CEnableclockandPin              0x7e008cbd   Thumb Code    16  pmic.o(i.ustica_I2CEnableclockandPin)
    ustica_I2CMasterReceiveDataDirect        0x7e008d5d   Thumb Code   142  pmic.o(i.ustica_I2CMasterReceiveDataDirect)
    ustica_I2CMasterSendDataDirect           0x7e008df5   Thumb Code    30  pmic.o(i.ustica_I2CMasterSendDataDirect)
    uudelay                                  0x7e008f85   Thumb Code    24  pmic.o(i.uudelay)
    _get_lc_numeric                          0x7e008f9d   Thumb Code    44  lc_numeric_c.o(locale$$code)
    _get_lc_ctype                            0x7e008fc9   Thumb Code    44  lc_ctype_c.o(locale$$code)
    _printf_fp_dec                           0x7e008ff5   Thumb Code     4  printf1.o(x$fpl$printf1)
    __I$use$fp                               0x7e008ff8   Number         0  usenofp.o(x$fpl$usenofp)
    __aeabi_idivmod                          0x7e008ff9   Thumb Code    12  aeabi_sdiv_cr4.o(x$sdivmod)
    __ctype                                  0x7e009989   Data           0  lc_ctype_c.o(locale$$data)
    Load$$ITCM$$Base                         0x7e009a8c   Number         0  anon$$obj.o ABSOLUTE
    Load$$DATA$$RW$$Base                     0x7e00aca4   Number         0  anon$$obj.o ABSOLUTE
    Image$$DATA$$RW$$Base                    0x7e00b000   Number         0  anon$$obj.o ABSOLUTE
    mini_system_enable                       0x7e00b000   Data           4  main.o(.data)
    CpExecAddress                            0x7e00b004   Data           4  main.o(.data)
    DspExecAddress                           0x7e00b008   Data           4  main.o(.data)
    CpFlashAddress                           0x7e00b00c   Data           4  main.o(.data)
    DspFlashAddress                          0x7e00b010   Data           4  main.o(.data)
    rfCopySize                               0x7e00b014   Data           4  main.o(.data)
    rfFlashAddress                           0x7e00b018   Data           4  main.o(.data)
    rfLoadAddress                            0x7e00b01c   Data           4  main.o(.data)
    DspImageSize                             0x7e00b020   Data           4  main.o(.data)
    DspLoadSize                              0x7e00b024   Data           4  main.o(.data)
    g_tls_handle                             0x7e00b028   Data           4  secboot_v2.o(.data)
    my_pk_len                                0x7e00b02c   Data           4  secboot_v2.o(.data)
    g_io_read_buf                            0x7e00b030   Data           4  secboot_v2.o(.data)
    current_PP                               0x7e00b048   Data           1  FreqChange.o(.data)
    RunningMode                              0x7e00b04c   Data           4  FreqChange.o(.data)
    exp_cpcore_pclk_freq                     0x7e00b050   Data           4  FreqChange.o(.data)
    exp_cpcore_bus_freq                      0x7e00b054   Data           4  FreqChange.o(.data)
    exp_cpcore_mc_freq                       0x7e00b058   Data           4  FreqChange.o(.data)
    exp_axi_clk_freq                         0x7e00b05c   Data           4  FreqChange.o(.data)
    fc_config_fix                            0x7e00b060   Data           4  FreqChange.o(.data)
    fc_config_fix_wifi                       0x7e00b064   Data           4  FreqChange.o(.data)
    CRN_SVC_FP                               0x7e00b068   Data           4  FreqChange.o(.data)
    TA_HEAP_START                            0x7e00b0e8   Data           4  tinyalloc.o(.data)
    TA_HEAP_LIMIT                            0x7e00b0ec   Data           4  tinyalloc.o(.data)
    pmic_id                                  0x7e00b0f4   Data           1  pmic.o(.data)
    SysRestartReasonGlobal                   0x7e00b0f6   Data           1  pmic.o(.data)
    I2C_REGISTER_BASE_ADDR                   0x7e00b0f8   Data           4  pmic.o(.data)
    SysRestartReasonGetFlag                  0x7e00b0fc   Data           4  pmic.o(.data)
    updater_available                        0x7e00b104   Data           1  loadtable.o(.data)
    updater_backup_available                 0x7e00b105   Data           1  loadtable.o(.data)
    pLoadTable                               0x7e00b108   Data           4  loadtable.o(.data)
    fota_param_Entry                         0x7e00b10c   Data           4  loadtable.o(.data)
    fota_pkg_Entry                           0x7e00b110   Data           4  loadtable.o(.data)
    updater_Entry                            0x7e00b114   Data           4  loadtable.o(.data)
    updater_backup_Entry                     0x7e00b118   Data           4  loadtable.o(.data)
    logo_entry                               0x7e00b11c   Data           4  loadtable.o(.data)
    dsp_adc_Entry                            0x7e00b120   Data           4  loadtable.o(.data)
    dsp_adc_backup_Entry                     0x7e00b124   Data           4  loadtable.o(.data)
    chip                                     0x7e00b32c   Data           4  qspi_core.o(.data)
    qspi_tx_mode                             0x7e00b330   Data          16  qspi_core.o(.data)
    qspi_rx_mode                             0x7e00b340   Data          24  qspi_core.o(.data)
    DMA                                      0x7e00b358   Data           4  qspi_dma.o(.data)
    Load$$DTCM$$RW$$Base                     0x7e00b408   Number         0  anon$$obj.o ABSOLUTE
    Load$$IMG_END$$Base                      0x7e00b408   Number         0  anon$$obj.o ABSOLUTE
    quec_spi_pin_selflag                     0x7e00b728   Data           4  quec_spi_nor.o(.data)
    tx_1bytes                                0x7e00b740   Data           5  SPI.o(.data)
    Image$$DATA$$ZI$$Base                    0x7e00b764   Number         0  anon$$obj.o ABSOLUTE
    _logoContextRegs                         0x7e00b764   Data         140  main.o(.bss)
    g_MallocBuffer                           0x7e00b7f0   Data       73728  main.o(.bss)
    updater_version_vb                       0x7e01d7f0   Data         768  ota.o(.bss)
    I2CStatusArray                           0x7e021af0   Data          64  pmic.o(.bss)
    qspi_host                                0x7e021b40   Data          60  qspi_host.o(.bss)
    Image$$SEC_KEY_BUF$$Base                 0x7e021cd4   Number         0  anon$$obj.o ABSOLUTE
    Image$$DTCM$$RW$$Base                    0xb0021c00   Number         0  anon$$obj.o ABSOLUTE
    Image$$DTCM$$ZI$$Base                    0xb0021c00   Number         0  anon$$obj.o ABSOLUTE



==============================================================================

Memory Map of the image

  Image Entry point : 0x7e000000

  Load Region LOAD (Base: 0x7e000000, Size: 0x0000b408, Max: 0xffffffff, ABSOLUTE)

    Execution Region ITCM (Base: 0x00001000, Size: 0x00001218, Max: 0x00003000, ABSOLUTE)

    Base Addr    Size         Type   Attr      Idx    E Section Name        Object

    0x00001000   0x00000094   Code   RO          803    PSRAM_FC            FreqChange.o
    0x00001094   0x0000000a   Ven    RO         5934    Veneer$$Code        anon$$obj.o
    0x0000109e   0x00000002   PAD
    0x000010a0   0x00000008   Ven    RO         5935    Veneer$$Code        anon$$obj.o
    0x000010a8   0x00000008   Ven    RO         5936    Veneer$$Code        anon$$obj.o
    0x000010b0   0x0000002c   Code   RO          999    i.LzmaDec_AllocateProbs  LzmaDec.o
    0x000010dc   0x0000003e   Code   RO         1000    i.LzmaDec_AllocateProbs2  LzmaDec.o
    0x0000111a   0x00000002   PAD
    0x0000111c   0x0000092e   Code   RO         1001    i.LzmaDec_DecodeReal  LzmaDec.o
    0x00001a4a   0x00000062   Code   RO         1002    i.LzmaDec_DecodeReal2  LzmaDec.o
    0x00001aac   0x000001f8   Code   RO         1004    i.LzmaDec_DecodeToDic  LzmaDec.o
    0x00001ca4   0x00000014   Code   RO         1007    i.LzmaDec_FreeProbs  LzmaDec.o
    0x00001cb8   0x0000000c   Code   RO         1008    i.LzmaDec_Init      LzmaDec.o
    0x00001cc4   0x0000001c   Code   RO         1009    i.LzmaDec_InitDicAndState  LzmaDec.o
    0x00001ce0   0x000003fa   Code   RO         1010    i.LzmaDec_TryDummy  LzmaDec.o
    0x000020da   0x0000005c   Code   RO         1011    i.LzmaDec_WriteRem  LzmaDec.o
    0x00002136   0x00000078   Code   RO         1012    i.LzmaDecode        LzmaDec.o
    0x000021ae   0x00000052   Code   RO         1013    i.LzmaProps_Decode  LzmaDec.o
    0x00002200   0x00000018   Data   RO         1014    .constdata          LzmaDec.o


    Execution Region INIT (Base: 0x7e000000, Size: 0x00000e0c, Max: 0x00002000, ABSOLUTE)

    Base Addr    Size         Type   Attr      Idx    E Section Name        Object

    0x7e000000   0x000002bc   Code   RO         5454  * Init                OBM_StartUp.o
    0x7e0002bc   0x0000000c   Code   RO            6    i.GetTimer0CNT      main.o
    0x7e0002c8   0x000000b0   Code   RO           10    i.PrepareToExecuteCp  main.o
    0x7e000378   0x0000000c   Code   RO           11    i.Timer0IntervalInMilli  main.o
    0x7e000384   0x00000020   Code   RO           12    i.Timer0_enable     main.o
    0x7e0003a4   0x00000480   Code   RO           14    i.bootloader        main.o
    0x7e000824   0x00000114   Code   RO           15    i.copy_dsp_from_flash_to_psram  main.o
    0x7e000938   0x000000f8   Code   RO           16    i.copy_rf_from_flash_to_psram  main.o
    0x7e000a30   0x00000020   Code   RO           17    i.ql_set_external_fs_info  main.o
    0x7e000a50   0x00000184   Code   RO           18    i.region_decompress_from_flash_to_psram  main.o
    0x7e000bd4   0x000001b6   Data   RO           21    .conststring        main.o
    0x7e000d8a   0x00000080   Data   RO          253    IMGVERBLOCK         version_block.o


    Execution Region CODE (Base: 0x7e000e0c, Size: 0x00008c80, Max: 0x00009000, ABSOLUTE)

    Base Addr    Size         Type   Attr      Idx    E Section Name        Object

    0x7e000e0c   0x00000000   Code   RO         5578    .ARM.Collect$$_printf_percent$$00000000  c_2.l(_printf_percent.o)
    0x7e000e0c   0x00000006   Code   RO         5718    .ARM.Collect$$_printf_percent$$00000001  c_2.l(_printf_n.o)
    0x7e000e12   0x00000006   Code   RO         5719    .ARM.Collect$$_printf_percent$$00000002  c_2.l(_printf_p.o)
    0x7e000e18   0x00000006   Code   RO         5724    .ARM.Collect$$_printf_percent$$00000003  c_2.l(_printf_f.o)
    0x7e000e1e   0x00000006   Code   RO         5725    .ARM.Collect$$_printf_percent$$00000004  c_2.l(_printf_e.o)
    0x7e000e24   0x00000006   Code   RO         5726    .ARM.Collect$$_printf_percent$$00000005  c_2.l(_printf_g.o)
    0x7e000e2a   0x00000006   Code   RO         5727    .ARM.Collect$$_printf_percent$$00000006  c_2.l(_printf_a.o)
    0x7e000e30   0x0000000a   Code   RO         5732    .ARM.Collect$$_printf_percent$$00000007  c_2.l(_printf_ll.o)
    0x7e000e3a   0x00000006   Code   RO         5721    .ARM.Collect$$_printf_percent$$00000008  c_2.l(_printf_i.o)
    0x7e000e40   0x00000006   Code   RO         5722    .ARM.Collect$$_printf_percent$$00000009  c_2.l(_printf_d.o)
    0x7e000e46   0x00000006   Code   RO         5723    .ARM.Collect$$_printf_percent$$0000000A  c_2.l(_printf_u.o)
    0x7e000e4c   0x00000006   Code   RO         5720    .ARM.Collect$$_printf_percent$$0000000B  c_2.l(_printf_o.o)
    0x7e000e52   0x00000006   Code   RO         5577    .ARM.Collect$$_printf_percent$$0000000C  c_2.l(_printf_x.o)
    0x7e000e58   0x00000006   Code   RO         5729    .ARM.Collect$$_printf_percent$$0000000D  c_2.l(_printf_lli.o)
    0x7e000e5e   0x00000006   Code   RO         5730    .ARM.Collect$$_printf_percent$$0000000E  c_2.l(_printf_lld.o)
    0x7e000e64   0x00000006   Code   RO         5731    .ARM.Collect$$_printf_percent$$0000000F  c_2.l(_printf_llu.o)
    0x7e000e6a   0x00000006   Code   RO         5736    .ARM.Collect$$_printf_percent$$00000010  c_2.l(_printf_llo.o)
    0x7e000e70   0x00000006   Code   RO         5737    .ARM.Collect$$_printf_percent$$00000011  c_2.l(_printf_llx.o)
    0x7e000e76   0x0000000a   Code   RO         5733    .ARM.Collect$$_printf_percent$$00000012  c_2.l(_printf_l.o)
    0x7e000e80   0x00000006   Code   RO         5716    .ARM.Collect$$_printf_percent$$00000013  c_2.l(_printf_c.o)
    0x7e000e86   0x00000006   Code   RO         5717    .ARM.Collect$$_printf_percent$$00000014  c_2.l(_printf_s.o)
    0x7e000e8c   0x00000006   Code   RO         5734    .ARM.Collect$$_printf_percent$$00000015  c_2.l(_printf_lc.o)
    0x7e000e92   0x00000006   Code   RO         5735    .ARM.Collect$$_printf_percent$$00000016  c_2.l(_printf_ls.o)
    0x7e000e98   0x00000004   Code   RO         5728    .ARM.Collect$$_printf_percent$$00000017  c_2.l(_printf_percent_end.o)
    0x7e000e9c   0x00000000   Code   RO         5615    .ARM.Collect$$libinit$$0000000A  c_2.l(libinit2.o)
    0x7e000e9c   0x00000000   Code   RO         5624    .ARM.Collect$$libinit$$00000013  c_2.l(libinit2.o)
    0x7e000e9c   0x00000000   Code   RO         5628    .ARM.Collect$$libinit$$00000017  c_2.l(libinit2.o)
    0x7e000e9c   0x00000000   Code   RO         5669    .emb_text           c_2.l(maybetermalloc1.o)
    0x7e000e9c   0x00000088   Code   RO         5460    .text               c_2.l(init_alloc.o)
    0x7e000f24   0x00000028   Code   RO         5466    .text               c_2.l(calloc.o)
    0x7e000f4c   0x0000005e   Code   RO         5468    .text               c_2.l(h1_alloc.o)
    0x7e000faa   0x0000004e   Code   RO         5470    .text               c_2.l(h1_free.o)
    0x7e000ff8   0x00000034   Code   RO         5526    .text               c_2.l(c89vsnprintf.o)
    0x7e00102c   0x0000004e   Code   RO         5534    .text               c_2.l(_printf_pad.o)
    0x7e00107a   0x00000002   PAD
    0x7e00107c   0x00000094   Code   RO         5554    .text               c_2.l(_printf_hex_int_ll_ptr.o)
    0x7e001110   0x00000188   Code   RO         5574    .text               c_2.l(__printf_flags_ss_wp.o)
    0x7e001298   0x00000058   Code   RO         5581    .text               c_2.l(memcmp.o)
    0x7e0012f0   0x0000003a   Code   RO         5585    .text               c_2.l(strlen.o)
    0x7e00132a   0x00000002   PAD
    0x7e00132c   0x000000f0   Code   RO         5587    .text               c_2.l(strncmp.o)
    0x7e00141c   0x000000d4   Code   RO         5589    .text               c_2.l(rt_memcpy.o)
    0x7e0014f0   0x000000d4   Code   RO         5591    .text               c_2.l(rt_memmove.o)
    0x7e0015c4   0x00000064   Code   RO         5593    .text               c_2.l(rt_memcpy_w.o)
    0x7e001628   0x00000044   Code   RO         5597    .text               c_2.l(rt_memclr.o)
    0x7e00166c   0x0000004e   Code   RO         5599    .text               c_2.l(rt_memclr_w.o)
    0x7e0016ba   0x00000002   PAD
    0x7e0016bc   0x000000f4   Code   RO         5603    .text               c_2.l(strcmp.o)
    0x7e0017b0   0x00000016   Code   RO         5605    .text               c_2.l(uread4.o)
    0x7e0017c6   0x00000002   PAD
    0x7e0017c8   0x00000008   Code   RO         5658    .text               c_2.l(rt_heap_descriptor.o)
    0x7e0017d0   0x00000004   Code   RO         5663    .text               c_2.l(hguard.o)
    0x7e0017d4   0x0000000e   Code   RO         5671    .text               c_2.l(h1_init.o)
    0x7e0017e2   0x00000030   Code   RO         5673    .text               c_2.l(h1_extend.o)
    0x7e001812   0x00000024   Code   RO         5689    .text               c_2.l(_printf_truncate.o)
    0x7e001836   0x00000052   Code   RO         5691    .text               c_2.l(_printf_str.o)
    0x7e001888   0x000000b2   Code   RO         5693    .text               c_2.l(_printf_intcommon.o)
    0x7e00193a   0x00000002   PAD
    0x7e00193c   0x00000070   Code   RO         5695    .text               c_2.l(_printf_dec.o)
    0x7e0019ac   0x00000028   Code   RO         5697    .text               c_2.l(_printf_charcount.o)
    0x7e0019d4   0x00000030   Code   RO         5699    .text               c_2.l(_printf_char_common.o)
    0x7e001a04   0x0000000a   Code   RO         5701    .text               c_2.l(_sputc.o)
    0x7e001a0e   0x00000010   Code   RO         5703    .text               c_2.l(_snputc.o)
    0x7e001a1e   0x00000002   PAD
    0x7e001a20   0x000000bc   Code   RO         5705    .text               c_2.l(_printf_wctomb.o)
    0x7e001adc   0x0000007c   Code   RO         5708    .text               c_2.l(_printf_longlong_dec.o)
    0x7e001b58   0x00000070   Code   RO         5714    .text               c_2.l(_printf_oct_int_ll.o)
    0x7e001bc8   0x0000000e   Code   RO         5738    .text               c_2.l(defsig_rtmem_outer.o)
    0x7e001bd6   0x00000002   PAD
    0x7e001bd8   0x00000080   Code   RO         5742    .text               c_2.l(rt_memmove_w.o)
    0x7e001c58   0x00000050   Code   RO         5788    .text               c_2.l(heapauxa.o)
    0x7e001ca8   0x00000002   Code   RO         5802    .text               c_2.l(use_no_semi.o)
    0x7e001caa   0x00000000   Code   RO         5804    .text               c_2.l(indicate_semi.o)
    0x7e001caa   0x00000002   PAD
    0x7e001cac   0x00000098   Code   RO         5813    .text               c_2.l(lludiv10.o)
    0x7e001d44   0x0000040e   Code   RO         5815    .text               c_2.l(_printf_fp_dec.o)
    0x7e002152   0x0000002c   Code   RO         5819    .text               c_2.l(_printf_char.o)
    0x7e00217e   0x0000002c   Code   RO         5821    .text               c_2.l(_printf_wchar.o)
    0x7e0021aa   0x00000040   Code   RO         5823    .text               c_2.l(_wcrtomb.o)
    0x7e0021ea   0x0000000a   Code   RO         5825    .text               c_2.l(defsig_exit.o)
    0x7e0021f4   0x00000050   Code   RO         5827    .text               c_2.l(defsig_rtmem_inner.o)
    0x7e002244   0x0000002c   Code   RO         5829    .text               c_2.l(rtudiv10.o)
    0x7e002270   0x0000000c   Code   RO         5835    .text               c_2.l(sys_exit.o)
    0x7e00227c   0x00000010   Code   RO         5837    .text               c_2.l(rt_ctype_table.o)
    0x7e00228c   0x00000008   Code   RO         5841    .text               c_2.l(rt_locale.o)
    0x7e002294   0x00000080   Code   RO         5850    .text               c_2.l(_printf_fp_infnan.o)
    0x7e002314   0x000000d8   Code   RO         5852    .text               c_2.l(bigflt0.o)
    0x7e0023ec   0x00000032   Code   RO         5882    .text               c_2.l(defsig_general.o)
    0x7e00241e   0x0000000e   Code   RO         5904    .text               c_2.l(sys_wrch.o)
    0x7e00242c   0x0000003e   Code   RO         5855    CL$$btod_d2e        c_2.l(btod.o)
    0x7e00246a   0x00000046   Code   RO         5857    CL$$btod_d2e_denorm_low  c_2.l(btod.o)
    0x7e0024b0   0x00000060   Code   RO         5856    CL$$btod_d2e_norm_op1  c_2.l(btod.o)
    0x7e002510   0x00000338   Code   RO         5865    CL$$btod_div_common  c_2.l(btod.o)
    0x7e002848   0x000000c6   Code   RO         5862    CL$$btod_e2e        c_2.l(btod.o)
    0x7e00290e   0x00000028   Code   RO         5859    CL$$btod_ediv       c_2.l(btod.o)
    0x7e002936   0x00000028   Code   RO         5858    CL$$btod_emul       c_2.l(btod.o)
    0x7e00295e   0x00000244   Code   RO         5864    CL$$btod_mult_common  c_2.l(btod.o)
    0x7e002ba2   0x00000002   PAD
    0x7e002ba4   0x00000008   Ven    RO         5932    Veneer$$Code        anon$$obj.o
    0x7e002bac   0x00000008   Ven    RO         5933    Veneer$$Code        anon$$obj.o
    0x7e002bb4   0x00000018   Code   RO         1191    i.AIB_Secure_Read   pmic.o
    0x7e002bcc   0x00000018   Code   RO         1192    i.AIB_Secure_Write  pmic.o
    0x7e002be4   0x00000018   Code   RO         5163    i.Assert_CS         SPI.o
    0x7e002bfc   0x00000018   Code   RO          681    i.CacheCleanMemory  system.o
    0x7e002c14   0x00000014   Code   RO          262    i.CalcImageChecksum  ota.o
    0x7e002c28   0x00000108   Code   RO         5164    i.ChipSelectSPI     SPI.o
    0x7e002d30   0x00000018   Code   RO         5165    i.Deassert_CS       SPI.o
    0x7e002d48   0x00000028   Code   RO         5342    i.Disable_SPI_SSP0  quec_spi.o
    0x7e002d70   0x00000028   Code   RO         5343    i.Disable_SPI_SSP2  quec_spi.o
    0x7e002d98   0x00000014   Code   RO         5344    i.Enable_SPI_SSP0   quec_spi.o
    0x7e002dac   0x00000014   Code   RO         5345    i.Enable_SPI_SSP2   quec_spi.o
    0x7e002dc0   0x000001e4   Code   RO         4974    i.GPIO_MFPR_ADDR    quec_startup_gpio.o
    0x7e002fa4   0x00000034   Code   RO         4975    i.GetBaseAddr       quec_startup_gpio.o
    0x7e002fd8   0x0000001c   Code   RO         3852    i.GetChipID         bsp_tavor.o
    0x7e002ff4   0x0000009c   Code   RO         4856    i.GetCompressedType  asr_lzma.o
    0x7e003090   0x00000014   Code   RO         5166    i.GetFlashProperties  SPI.o
    0x7e0030a4   0x0000001c   Code   RO         3853    i.GetLongChipID     bsp_tavor.o
    0x7e0030c0   0x0000004c   Code   RO         1193    i.GetPMICID         pmic.o
    0x7e00310c   0x00000014   Code   RO         5167    i.GetSSPBase        SPI.o
    0x7e003120   0x000000a2   Code   RO         2058    i.GuilinClkInit     guilin.o
    0x7e0031c2   0x00000028   Code   RO         3588    i.GuilinLiteClkInit  guilin_lite.o
    0x7e0031ea   0x00000026   Code   RO         3589    i.GuilinLiteRead    guilin_lite.o
    0x7e003210   0x00000022   Code   RO         3590    i.GuilinLiteWrite   guilin_lite.o
    0x7e003232   0x00000054   Code   RO         3591    i.GuilinLite_LDO_Set_Enable  guilin_lite.o
    0x7e003286   0x00000008   Code   RO         3599    i.GuilinLite_Ldo_7_set  guilin_lite.o
    0x7e00328e   0x00000032   Code   RO         2059    i.GuilinRead        guilin.o
    0x7e0032c0   0x00000030   Code   RO         2060    i.GuilinWrite       guilin.o
    0x7e0032f0   0x00000004   Code   RO         1195    i.I2CReceive        pmic.o
    0x7e0032f4   0x00000004   Code   RO         1197    i.I2CSend           pmic.o
    0x7e0032f8   0x000000c4   Code   RO         5168    i.InitializeSPIDevice  SPI.o
    0x7e0033bc   0x00000016   Code   RO         3861    i.IsChipCraneL      bsp_tavor.o
    0x7e0033d2   0x00000016   Code   RO         3862    i.IsChipCraneLR     bsp_tavor.o
    0x7e0033e8   0x00000016   Code   RO         3863    i.IsChipCraneLS     bsp_tavor.o
    0x7e0033fe   0x00000002   PAD
    0x7e003400   0x00000018   Code   RO         3864    i.IsChipCraneLS_A0  bsp_tavor.o
    0x7e003418   0x00000016   Code   RO         3867    i.IsChipCraneM      bsp_tavor.o
    0x7e00342e   0x00000002   PAD
    0x7e003430   0x00000050   Code   RO         4526    i.LzmaUncompress    LzmaLib.o
    0x7e003480   0x00000120   Code   RO         1198    i.MastI2CReceive    pmic.o
    0x7e0035a0   0x000000d0   Code   RO         1199    i.MastI2CSend       pmic.o
    0x7e003670   0x0000000a   Code   RO         4527    i.MyAlloc           LzmaLib.o
    0x7e00367a   0x00000002   PAD
    0x7e00367c   0x0000012c   Code   RO         1674    i.NingboClkInit     ningbo.o
    0x7e0037a8   0x00000032   Code   RO         1677    i.NingboRead        ningbo.o
    0x7e0037da   0x00000030   Code   RO         1680    i.NingboWrite       ningbo.o
    0x7e00380a   0x00000002   PAD
    0x7e00380c   0x00000094   Code   RO          263    i.OTA_Check_FotaImage  ota.o
    0x7e0038a0   0x000001ec   Code   RO          264    i.OTA_Update_FotaImage  ota.o
    0x7e003a8c   0x00000160   Code   RO          265    i.OTA_Update_FotaParam  ota.o
    0x7e003bec   0x0000008c   Code   RO         1200    i.PI2C_READ_REG     pmic.o
    0x7e003c78   0x00000080   Code   RO         1201    i.PI2C_WRITE_REG    pmic.o
    0x7e003cf8   0x00000044   Code   RO         1217    i.PMIC_FAULT_WU_ENABLE  pmic.o
    0x7e003d3c   0x00000044   Code   RO         1219    i.PMIC_FAULT_WU_EN_ENABLE  pmic.o
    0x7e003d80   0x0000001c   Code   RO         1221    i.PMIC_ID_GET       pmic.o
    0x7e003d9c   0x00000014   Code   RO         1222    i.PMIC_IS_PM802     pmic.o
    0x7e003db0   0x0000000e   Code   RO         1223    i.PMIC_IS_PM802S    pmic.o
    0x7e003dbe   0x00000012   Code   RO         1224    i.PMIC_IS_PM803     pmic.o
    0x7e003dd0   0x00000018   Code   RO         1227    i.PMIC_IS_PM813     pmic.o
    0x7e003de8   0x00000014   Code   RO         1228    i.PMIC_IS_PM813S    pmic.o
    0x7e003dfc   0x0000004c   Code   RO         1230    i.PMIC_Init         pmic.o
    0x7e003e48   0x00000008   Code   RO         1233    i.PMIC_READ_REG_BASE  pmic.o
    0x7e003e50   0x0000009c   Code   RO         1236    i.PMIC_SW_RESET     pmic.o
    0x7e003eec   0x00000030   Code   RO         1237    i.PMIC_Set_CP_UART_PowerOff_and_AIB_3_3V  pmic.o
    0x7e003f1c   0x0000000a   Code   RO         1239    i.PMIC_WRITE_REG_BASE  pmic.o
    0x7e003f26   0x00000002   PAD
    0x7e003f28   0x00000030   Code   RO          821    i.PsramPhyFreqChangeTo350  FreqChange.o
    0x7e003f58   0x00000030   Code   RO          822    i.PsramPhyFreqChangeTo416  FreqChange.o
    0x7e003f88   0x00000044   Code   RO         5078    i.QUEC_SPI_NOR_Erase_Sector  quec_spi_nor.o
    0x7e003fcc   0x000000c8   Code   RO         5079    i.QUEC_SPI_NOR_Init  quec_spi_nor.o
    0x7e004094   0x00000080   Code   RO         5080    i.QUEC_SPI_NOR_Read  quec_spi_nor.o
    0x7e004114   0x00000034   Code   RO         5081    i.QUEC_SPI_NOR_ReadID  quec_spi_nor.o
    0x7e004148   0x00000084   Code   RO         5082    i.QUEC_SPI_NOR_Write  quec_spi_nor.o
    0x7e0041cc   0x0000009c   Code   RO         5346    i.QUEC_SPI_SSP0_PIO_Read  quec_spi.o
    0x7e004268   0x00000080   Code   RO         5347    i.QUEC_SPI_SSP0_PIO_Write  quec_spi.o
    0x7e0042e8   0x0000009c   Code   RO         5349    i.QUEC_SPI_SSP2_PIO_Read  quec_spi.o
    0x7e004384   0x00000080   Code   RO         5350    i.QUEC_SPI_SSP2_PIO_Write  quec_spi.o
    0x7e004404   0x00000044   Code   RO         5169    i.SPINOR_DisableSSP  SPI.o
    0x7e004448   0x000000b4   Code   RO         5170    i.SPINOR_EraseBlock  SPI.o
    0x7e0044fc   0x000000a8   Code   RO         5172    i.SPINOR_EraseBySector  SPI.o
    0x7e0045a4   0x00000088   Code   RO         5173    i.SPINOR_EraseSector  SPI.o
    0x7e00462c   0x000000ac   Code   RO         5174    i.SPINOR_Erase_ReadStatus  SPI.o
    0x7e0046d8   0x00000016   Code   RO         5175    i.SPINOR_FireUpSSP  SPI.o
    0x7e0046ee   0x00000002   PAD
    0x7e0046f0   0x00000060   Code   RO         5176    i.SPINOR_Page_Program_PIO  SPI.o
    0x7e004750   0x0000000e   Code   RO         5177    i.SPINOR_ROW_DELAY  SPI.o
    0x7e00475e   0x00000002   PAD
    0x7e004760   0x0000006c   Code   RO         5178    i.SPINOR_ReadId     SPI.o
    0x7e0047cc   0x000000a8   Code   RO         5179    i.SPINOR_ReadStatus  SPI.o
    0x7e004874   0x000000a8   Code   RO         5180    i.SPINOR_Read_PIO   SPI.o
    0x7e00491c   0x00000092   Code   RO         5181    i.SPINOR_SSP_DSS    SPI.o
    0x7e0049ae   0x00000002   PAD
    0x7e0049b0   0x000000b4   Code   RO         5184    i.SPINOR_WaitForWEL  SPI.o
    0x7e004a64   0x00000060   Code   RO         5185    i.SPINOR_WaitSSPComplete  SPI.o
    0x7e004ac4   0x00000058   Code   RO         5188    i.SPINOR_WriteEnable  SPI.o
    0x7e004b1c   0x000000cc   Code   RO         5189    i.SPINOR_Write_PIO  SPI.o
    0x7e004be8   0x000000b8   Code   RO         5352    i.SPI_SSP0_DSS      quec_spi.o
    0x7e004ca0   0x000000b8   Code   RO         5354    i.SPI_SSP2_DSS      quec_spi.o
    0x7e004d58   0x00000388   Code   RO          266    i.System_ota_updater  ota.o
    0x7e0050e0   0x00000006   Code   RO         4529    i.SzAlloc           LzmaLib.o
    0x7e0050e6   0x00000006   Code   RO         4530    i.SzFree            LzmaLib.o
    0x7e0050ec   0x00000008   Code   RO         1247    i.USTICAI2CReadDi_AUDIO  pmic.o
    0x7e0050f4   0x00000008   Code   RO         1248    i.USTICAI2CReadDi_GPADC  pmic.o
    0x7e0050fc   0x00000008   Code   RO         1249    i.USTICAI2CReadDi_TEST  pmic.o
    0x7e005104   0x00000008   Code   RO         1250    i.USTICAI2CReadDi_base  pmic.o
    0x7e00510c   0x00000008   Code   RO         1251    i.USTICAI2CReadDi_power  pmic.o
    0x7e005114   0x0000000a   Code   RO         1252    i.USTICAI2CWriteDi_AUDIO  pmic.o
    0x7e00511e   0x0000000a   Code   RO         1253    i.USTICAI2CWriteDi_GPADC  pmic.o
    0x7e005128   0x0000000a   Code   RO         1254    i.USTICAI2CWriteDi_TEST  pmic.o
    0x7e005132   0x0000000a   Code   RO         1255    i.USTICAI2CWriteDi_base  pmic.o
    0x7e00513c   0x0000000a   Code   RO         1256    i.USTICAI2CWriteDi_power  pmic.o
    0x7e005146   0x00000028   Code   RO         5902    i.__ARM_fpclassify  m_2s.l(fpclassify.o)
    0x7e00516e   0x00000002   PAD
    0x7e005170   0x00000230   Code   RO         3225    i.__qspi_start_cmd  qspi_host.o
    0x7e0053a0   0x0000000e   Code   RO          519    i.__syscall_get_handler  syscall.o
    0x7e0053ae   0x00000002   PAD
    0x7e0053b0   0x00000048   Code   RO          620    i.__system_property_find  asr_property.o
    0x7e0053f8   0x0000000e   Code   RO         5567    i._is_digit         c_2.l(__printf_wp.o)
    0x7e005406   0x00000014   Code   RO          560    i.aboot_sys_getversion  syscall_ver.o
    0x7e00541a   0x00000002   PAD
    0x7e00541c   0x000000ac   Code   RO         1097    i.alloc_block       tinyalloc.o
    0x7e0054c8   0x0000009c   Code   RO          621    i.asr_property_area_init  asr_property.o
    0x7e005564   0x00000004   Code   RO          622    i.asr_property_dump  asr_property.o
    0x7e005568   0x00000030   Code   RO          623    i.asr_property_get  asr_property.o
    0x7e005598   0x00000098   Code   RO          625    i.asr_property_set  asr_property.o
    0x7e005630   0x00000100   Code   RO         2979    i.bbu_qspi_init     qspi_core.o
    0x7e005730   0x0000005c   Code   RO         1098    i.compact           tinyalloc.o
    0x7e00578c   0x00000006   Code   RO          343    i.compare_uuids     fip_v2.o
    0x7e005792   0x00000002   PAD
    0x7e005794   0x000000a4   Code   RO          683    i.convert_region_size  system.o
    0x7e005838   0x00000078   Code   RO         3520    i.cp_uart_init      uart.o
    0x7e0058b0   0x00000014   Code   RO         3521    i.cp_uart_putc      uart.o
    0x7e0058c4   0x00000034   Code   RO         2982    i.crane_qspi_erase  qspi_core.o
    0x7e0058f8   0x00000034   Code   RO         2985    i.crane_qspi_write  qspi_core.o
    0x7e00592c   0x00000044   Code   RO         5083    i.crane_spi_erase   quec_spi_nor.o
    0x7e005970   0x00000010   Code   RO         5084    i.crane_spi_read    quec_spi_nor.o
    0x7e005980   0x00000010   Code   RO         5085    i.crane_spi_write   quec_spi_nor.o
    0x7e005990   0x0000001a   Code   RO         5191    i.delay_ms          SPI.o
    0x7e0059aa   0x00000050   Code   RO          684    i.disable_psram_cache  system.o
    0x7e0059fa   0x00000002   PAD
    0x7e0059fc   0x0000002c   Code   RO         3079    i.dma_map_device_to_channel  qspi_dma.o
    0x7e005a28   0x00000028   Code   RO         3083    i.dma_set_mode      qspi_dma.o
    0x7e005a50   0x0000002c   Code   RO         3084    i.dma_set_reg_nf    qspi_dma.o
    0x7e005a7c   0x00000044   Code   RO         3088    i.dma_xfer_start    qspi_dma.o
    0x7e005ac0   0x00000002   Code   RO         2380    i.dump_loadtable    loadtable.o
    0x7e005ac2   0x0000001c   Code   RO          685    i.enable_psram_cache  system.o
    0x7e005ade   0x00000016   Code   RO          346    i.fip_get_image_info  fip_v2.o
    0x7e005af4   0x00000144   Code   RO          347    i.fip_get_image_info_by_uuid  fip_v2.o
    0x7e005c38   0x00000154   Code   RO          349    i.fip_open          fip_v2.o
    0x7e005d8c   0x00000004   Code   RO          350    i.fip_read_data     fip_v2.o
    0x7e005d90   0x00000032   Code   RO          268    i.fota_mdelay       ota.o
    0x7e005dc2   0x00000002   PAD
    0x7e005dc4   0x00000018   Code   RO         2272    i.getPsramFuse      utilities.o
    0x7e005ddc   0x00000028   Code   RO          445    i.get_auth_param    secboot_v2.o
    0x7e005e04   0x00000010   Code   RO         2384    i.get_cp_exec_addr  loadtable.o
    0x7e005e14   0x00000010   Code   RO         2397    i.get_dsp_backup_addr  loadtable.o
    0x7e005e24   0x00000010   Code   RO         2398    i.get_dsp_backup_end_addr  loadtable.o
    0x7e005e34   0x00000010   Code   RO         2399    i.get_dsp_backup_size  loadtable.o
    0x7e005e44   0x00000044   Code   RO         2407    i.get_fota_param_end_addr  loadtable.o
    0x7e005e88   0x00000040   Code   RO         2408    i.get_fota_param_start_addr  loadtable.o
    0x7e005ec8   0x00000258   Code   RO         2273    i.get_psram_type_from_asrproperty  utilities.o
    0x7e006120   0x000000e4   Code   RO         2418    i.get_rf_load_addr  loadtable.o
    0x7e006204   0x0000000c   Code   RO         2420    i.get_rw_cpz_struct_addr  loadtable.o
    0x7e006210   0x00000010   Code   RO         2422    i.get_updater_copy_size  loadtable.o
    0x7e006220   0x00000070   Code   RO         2423    i.get_updater_end_addr  loadtable.o
    0x7e006290   0x00000094   Code   RO         2424    i.get_updater_start_addr  loadtable.o
    0x7e006324   0x0000012c   Code   RO          270    i.get_updater_vb    ota.o
    0x7e006450   0x00000028   Code   RO         2276    i.ifPsramLimit200M  utilities.o
    0x7e006478   0x00000016   Code   RO         3378    i.ilog2             qspi_nor.o
    0x7e00648e   0x00000002   PAD
    0x7e006490   0x0000002c   Code   RO         1100    i.insert_block      tinyalloc.o
    0x7e0064bc   0x00000048   Code   RO         2426    i.loadtable_init    loadtable.o
    0x7e006504   0x00000004   Code   RO         1101    i.malloc_init       tinyalloc.o
    0x7e006508   0x00000020   Code   RO         1260    i.mdelay            pmic.o
    0x7e006528   0x00000070   Code   RO          687    i.mpu_set_by_region_size  system.o
    0x7e006598   0x00000084   Code   RO          688    i.mpu_set_region    system.o
    0x7e00661c   0x00000002   Code   RO          689    i.mpu_value_check   system.o
    0x7e00661e   0x00000002   PAD
    0x7e006620   0x000005b4   Code   RO          271    i.ota_entry         ota.o
    0x7e006bd4   0x00000038   Code   RO         2703    i.ptable_find_entry  ptable.o
    0x7e006c0c   0x0000001c   Code   RO         2707    i.ptable_init       ptable.o
    0x7e006c28   0x00000054   Code   RO         4978    i.ql_gpio_get_direction  quec_startup_gpio.o
    0x7e006c7c   0x00000080   Code   RO         4982    i.ql_gpio_set_direction  quec_startup_gpio.o
    0x7e006cfc   0x00000074   Code   RO         4983    i.ql_gpio_set_level  quec_startup_gpio.o
    0x7e006d70   0x0000004c   Code   RO         3229    i.qspi_clock_change  qspi_host.o
    0x7e006dbc   0x00000014   Code   RO         3230    i.qspi_cmd_done_interrupt  qspi_host.o
    0x7e006dd0   0x00000020   Code   RO         3231    i.qspi_cmd_done_pio  qspi_host.o
    0x7e006df0   0x0000011c   Code   RO         3232    i.qspi_config_lookup_tbl  qspi_host.o
    0x7e006f0c   0x00000058   Code   RO         3233    i.qspi_config_mfp   qspi_host.o
    0x7e006f64   0x00000018   Code   RO         3234    i.qspi_enable_ahb_preempt  qspi_host.o
    0x7e006f7c   0x0000002e   Code   RO         3235    i.qspi_enable_xip   qspi_host.o
    0x7e006faa   0x00000002   PAD
    0x7e006fac   0x00000020   Code   RO         3236    i.qspi_enter_mode   qspi_host.o
    0x7e006fcc   0x0000006c   Code   RO         3238    i.qspi_fill_tx_buff  qspi_host.o
    0x7e007038   0x00000110   Code   RO         3239    i.qspi_host_init    qspi_host.o
    0x7e007148   0x00000058   Code   RO         3240    i.qspi_init_ahb     qspi_host.o
    0x7e0071a0   0x00000018   Code   RO         3241    i.qspi_memcpy       qspi_host.o
    0x7e0071b8   0x00000012   Code   RO         3379    i.qspi_memset       qspi_nor.o
    0x7e0071ca   0x00000002   PAD
    0x7e0071cc   0x000000b4   Code   RO         3242    i.qspi_poll_rx_buff  qspi_host.o
    0x7e007280   0x00000042   Code   RO         3243    i.qspi_preinit_lookup_tbl  qspi_host.o
    0x7e0072c2   0x00000002   PAD
    0x7e0072c4   0x000000a4   Code   RO         3244    i.qspi_set_func_clk  qspi_host.o
    0x7e007368   0x00000004   Code   RO         3245    i.qspi_start_cmd    qspi_host.o
    0x7e00736c   0x0000003c   Code   RO         3246    i.qspi_start_dma_xfer  qspi_host.o
    0x7e0073a8   0x00000028   Code   RO         3247    i.qspi_wait_cmd_done  qspi_host.o
    0x7e0073d0   0x00000020   Code   RO         3248    i.qspi_write_rbct   qspi_host.o
    0x7e0073f0   0x00000020   Code   RO         3249    i.qspi_write_sfar   qspi_host.o
    0x7e007410   0x0000001c   Code   RO         4986    i.quec_gpio_set_value  quec_startup_gpio.o
    0x7e00742c   0x00000054   Code   RO         5086    i.quec_spi_init     quec_spi_nor.o
    0x7e007480   0x0000001c   Code   RO         5087    i.quec_spi_pin_select  quec_spi_nor.o
    0x7e00749c   0x00000070   Code   RO         2281    i.readPsramFuse     utilities.o
    0x7e00750c   0x0000002a   Code   RO          353    i.read_data_from_memory  fip_v2.o
    0x7e007536   0x00000020   Code   RO          690    i.reset_all_mpu_reg  system.o
    0x7e007556   0x00000002   PAD
    0x7e007558   0x0000003c   Code   RO          447    i.secboot_deinit    secboot_v2.o
    0x7e007594   0x00000104   Code   RO          449    i.secboot_init      secboot_v2.o
    0x7e007698   0x00000034   Code   RO          450    i.secboot_is_fuse_enabled  secboot_v2.o
    0x7e0076cc   0x000004cc   Code   RO          451    i.secboot_item_check  secboot_v2.o
    0x7e007b98   0x000000a4   Code   RO          452    i.secboot_item_get_img_addr_size  secboot_v2.o
    0x7e007c3c   0x0000002c   Code   RO          453    i.secboot_read_cert  secboot_v2.o
    0x7e007c68   0x00000024   Code   RO          692    i.set_mpu_reg_arom  system.o
    0x7e007c8c   0x0000001e   Code   RO          693    i.set_mpu_reg_asic_reg  system.o
    0x7e007caa   0x00000024   Code   RO          694    i.set_mpu_reg_background  system.o
    0x7e007cce   0x00000002   PAD
    0x7e007cd0   0x00000024   Code   RO          695    i.set_mpu_reg_dtcm  system.o
    0x7e007cf4   0x0000001e   Code   RO          696    i.set_mpu_reg_flash  system.o
    0x7e007d12   0x0000001e   Code   RO          697    i.set_mpu_reg_itcm  system.o
    0x7e007d30   0x00000052   Code   RO          698    i.set_mpu_reg_psram  system.o
    0x7e007d82   0x0000003a   Code   RO          699    i.set_mpu_reg_squ   system.o
    0x7e007dbc   0x000000ec   Code   RO         3380    i.spi_nor_enable_4byte_mode  qspi_nor.o
    0x7e007ea8   0x000000e8   Code   RO         3381    i.spi_nor_enable_qpi  qspi_nor.o
    0x7e007f90   0x00000148   Code   RO         3382    i.spi_nor_enable_quad  qspi_nor.o
    0x7e0080d8   0x0000012c   Code   RO         3383    i.spi_nor_erase     qspi_nor.o
    0x7e008204   0x00000082   Code   RO         3385    i.spi_nor_erase_block  qspi_nor.o
    0x7e008286   0x0000006e   Code   RO         3386    i.spi_nor_erase_sector  qspi_nor.o
    0x7e0082f4   0x000001d4   Code   RO         3387    i.spi_nor_init      qspi_nor.o
    0x7e0084c8   0x0000007a   Code   RO         3388    i.spi_nor_program_data  qspi_nor.o
    0x7e008542   0x00000092   Code   RO         3389    i.spi_nor_read      qspi_nor.o
    0x7e0085d4   0x00000068   Code   RO         3390    i.spi_nor_read_id   qspi_nor.o
    0x7e00863c   0x00000058   Code   RO         3391    i.spi_nor_read_status  qspi_nor.o
    0x7e008694   0x0000000a   Code   RO         3392    i.spi_nor_read_status1  qspi_nor.o
    0x7e00869e   0x00000028   Code   RO         3393    i.spi_nor_read_status2  qspi_nor.o
    0x7e0086c6   0x0000002a   Code   RO         3394    i.spi_nor_read_uid  qspi_nor.o
    0x7e0086f0   0x0000008c   Code   RO         3395    i.spi_nor_reset     qspi_nor.o
    0x7e00877c   0x00000074   Code   RO         3396    i.spi_nor_scan_id_table  qspi_nor.o
    0x7e0087f0   0x00000058   Code   RO         3397    i.spi_nor_set_rd_wr_op  qspi_nor.o
    0x7e008848   0x00000024   Code   RO         3398    i.spi_nor_wait      qspi_nor.o
    0x7e00886c   0x0000010c   Code   RO         3399    i.spi_nor_write     qspi_nor.o
    0x7e008978   0x0000002c   Code   RO         3400    i.spi_nor_write_enable  qspi_nor.o
    0x7e0089a4   0x0000005c   Code   RO         3401    i.spi_nor_write_status1  qspi_nor.o
    0x7e008a00   0x00000010   Code   RO          521    i.syscall_get_handler  syscall.o
    0x7e008a10   0x00000018   Code   RO          522    i.syscall_init      syscall.o
    0x7e008a28   0x0000004c   Code   RO         1102    i.ta_alloc          tinyalloc.o
    0x7e008a74   0x0000003c   Code   RO         1105    i.ta_free           tinyalloc.o
    0x7e008ab0   0x0000003c   Code   RO         1106    i.ta_init           tinyalloc.o
    0x7e008aec   0x00000004   Code   RO         1110    i.tiny_free         tinyalloc.o
    0x7e008af0   0x00000004   Code   RO         1111    i.tiny_malloc       tinyalloc.o
    0x7e008af4   0x0000001a   Code   RO          575    i.tls_deinit        syscall_secboot.o
    0x7e008b0e   0x0000001e   Code   RO          576    i.tls_init          syscall_secboot.o
    0x7e008b2c   0x00000034   Code   RO          577    i.tls_verify_hash_from_io_dev  syscall_secboot.o
    0x7e008b60   0x00000044   Code   RO          578    i.tls_verify_signature  syscall_secboot.o
    0x7e008ba4   0x00000026   Code   RO          579    i.tls_x509_check_integrity  syscall_secboot.o
    0x7e008bca   0x00000034   Code   RO          580    i.tls_x509_get_auth_param  syscall_secboot.o
    0x7e008bfe   0x00000002   PAD
    0x7e008c00   0x0000003c   Code   RO         3524    i.uart_printf       uart.o
    0x7e008c3c   0x00000002   Code   RO         3250    i.udelay            qspi_host.o
    0x7e008c3e   0x00000024   Code   RO          627    i.update_prop_info  asr_property.o
    0x7e008c62   0x0000000e   Code   RO         1264    i.usticaInit        pmic.o
    0x7e008c70   0x0000004c   Code   RO         1265    i.ustica_I2CConfigureDi  pmic.o
    0x7e008cbc   0x00000014   Code   RO         1266    i.ustica_I2CEnableclockandPin  pmic.o
    0x7e008cd0   0x0000008c   Code   RO         1268    i.ustica_I2CIntLISRDirect  pmic.o
    0x7e008d5c   0x00000098   Code   RO         1269    i.ustica_I2CMasterReceiveDataDirect  pmic.o
    0x7e008df4   0x00000024   Code   RO         1270    i.ustica_I2CMasterSendDataDirect  pmic.o
    0x7e008e18   0x00000058   Code   RO         1271    i.ustica_i2cWaitStatusDirect  pmic.o
    0x7e008e70   0x00000114   Code   RO         1272    i.ustica_masterSendDirect  pmic.o
    0x7e008f84   0x00000018   Code   RO         1273    i.uudelay           pmic.o
    0x7e008f9c   0x0000002c   Code   RO         5878    locale$$code        c_2.l(lc_numeric_c.o)
    0x7e008fc8   0x0000002c   Code   RO         5907    locale$$code        c_2.l(lc_ctype_c.o)
    0x7e008ff4   0x00000004   Code   RO         5797    x$fpl$printf1       fz_2s.l(printf1.o)
    0x7e008ff8   0x00000000   Code   RO         5901    x$fpl$usenofp       fz_2s.l(usenofp.o)
    0x7e008ff8   0x0000000c   Code   RO         5746    x$sdivmod           c_2.l(aeabi_sdiv_cr4.o)
    0x7e009004   0x00000150   Data   RO          356    .constdata          fip_v2.o
    0x7e009154   0x000000f5   Data   RO          456    .constdata          secboot_v2.o
    0x7e009249   0x00000009   Data   RO         1112    .constdata          tinyalloc.o
    0x7e009252   0x00000136   Data   RO         2427    .constdata          loadtable.o
    0x7e009388   0x0000002a   Data   RO         3403    .constdata          qspi_nor.o
    0x7e0093b2   0x00000069   Data   RO         5090    .constdata          quec_spi_nor.o
    0x7e00941b   0x0000006f   Data   RO         5193    .constdata          SPI.o
    0x7e00948a   0x00000002   PAD
    0x7e00948c   0x000000c4   Data   RO         5358    .constdata          quec_spi.o
    0x7e009550   0x00000028   Data   RO         5555    .constdata          c_2.l(_printf_hex_int_ll_ptr.o)
    0x7e009578   0x00000011   Data   RO         5575    .constdata          c_2.l(__printf_flags_ss_wp.o)
    0x7e009589   0x00000003   PAD
    0x7e00958c   0x00000008   Data   RO         5706    .constdata          c_2.l(_printf_wctomb.o)
    0x7e009594   0x00000094   Data   RO         5853    .constdata          c_2.l(bigflt0.o)
    0x7e009628   0x000000d9   Data   RO          273    .conststring        ota.o
    0x7e009701   0x00000003   PAD
    0x7e009704   0x00000156   Data   RO          457    .conststring        secboot_v2.o
    0x7e00985a   0x00000002   PAD
    0x7e00985c   0x00000018   Data   RO          835    .conststring        FreqChange.o
    0x7e009874   0x0000004d   Data   RO         1276    .conststring        pmic.o
    0x7e0098c1   0x00000003   PAD
    0x7e0098c4   0x0000002d   Data   RO         2990    .conststring        qspi_core.o
    0x7e0098f1   0x00000003   PAD
    0x7e0098f4   0x0000006b   Data   RO         3404    .conststring        qspi_nor.o
    0x7e00995f   0x00000001   PAD
    0x7e009960   0x0000001c   Data   RO         5877    locale$$data        c_2.l(lc_numeric_c.o)
    0x7e00997c   0x00000110   Data   RO         5906    locale$$data        c_2.l(lc_ctype_c.o)


    Execution Region DATA (Base: 0x7e00b000, Size: 0x00016cd4, Max: 0x00017000, ABSOLUTE)

    Base Addr    Size         Type   Attr      Idx    E Section Name        Object

    0x7e00b000   0x00000028   Data   RW           23    .data               main.o
    0x7e00b028   0x00000010   Data   RW          458    .data               secboot_v2.o
    0x7e00b038   0x00000004   Data   RW          523    .data               syscall.o
    0x7e00b03c   0x0000000c   Data   RW          628    .data               asr_property.o
    0x7e00b048   0x000000a0   Data   RW          836    .data               FreqChange.o
    0x7e00b0e8   0x0000000c   Data   RW         1113    .data               tinyalloc.o
    0x7e00b0f4   0x0000000c   Data   RW         1277    .data               pmic.o
    0x7e00b100   0x00000003   Data   RW         2285    .data               utilities.o
    0x7e00b103   0x00000001   PAD
    0x7e00b104   0x00000224   Data   RW         2428    .data               loadtable.o
    0x7e00b328   0x00000004   Data   RW         2710    .data               ptable.o
    0x7e00b32c   0x0000002c   Data   RW         2991    .data               qspi_core.o
    0x7e00b358   0x00000004   Data   RW         3091    .data               qspi_dma.o
    0x7e00b35c   0x0000039e   Data   RW         3405    .data               qspi_nor.o
    0x7e00b6fa   0x00000002   PAD
    0x7e00b6fc   0x0000000c   Data   RW         3874    .data               bsp_tavor.o
    0x7e00b708   0x0000000c   Data   RW         4532    .data               LzmaLib.o
    0x7e00b714   0x00000010   Data   RW         4988    .data               quec_startup_gpio.o
    0x7e00b724   0x0000000c   Data   RW         5091    .data               quec_spi_nor.o
    0x7e00b730   0x00000030   Data   RW         5194    .data               SPI.o
    0x7e00b760   0x00000004   Data   RW         5789    .data               c_2.l(heapauxa.o)
    0x7e00b764   0x0000008c   Zero   RW           19    .bss                main.o
    0x7e00b7f0   0x00012000   Zero   RW           20    .bss                main.o
    0x7e01d7f0   0x00000300   Zero   RW          272    .bss                ota.o
    0x7e01daf0   0x00004000   Zero   RW          455    .bss                secboot_v2.o
    0x7e021af0   0x00000050   Zero   RW         1274    .bss                pmic.o
    0x7e021b40   0x0000003c   Zero   RW         3251    .bss                qspi_host.o
    0x7e021b7c   0x00000004   PAD
    0x7e021b80   0x00000058   Zero   RW         3402    .bss                qspi_nor.o
    0x7e021bd8   0x000000e4   Zero   RW         5192    .bss                SPI.o
    0x7e021cbc   0x00000004   Zero   RW         5659    .bss                c_2.l(rt_heap_descriptor.o)
    0x7e021cc0   0x00000014   Zero   RW         5842    .bss                c_2.l(rt_locale.o)


    Execution Region SEC_KEY_BUF (Base: 0x7e021cd4, Size: 0x00000000, Max: 0x00000400, ABSOLUTE)

    **** No section assigned to this execution region ****


    Execution Region DTCM (Base: 0xb0021c00, Size: 0x00005000, Max: 0x0000e400, ABSOLUTE)

    Base Addr    Size         Type   Attr      Idx    E Section Name        Object

    0xb0021c00   0x00005000   Zero   RW         5453    STACK               OBM_StartUp.o


    Execution Region IMG_END (Base: 0xb0026c00, Size: 0x00000004, Max: 0x00000004, ABSOLUTE)

    Base Addr    Size         Type   Attr      Idx    E Section Name        Object

    0xb0026c00   0x00000004   Zero   RW            1    IMG_END.bss         anon$$obj.o


==============================================================================

Image component sizes


      Code (inc. data)   RO Data    RW Data    ZI Data      Debug   Object Name

       244        116         24        160          0       6631   FreqChange.o
      4430          4         24          0          0      17715   LzmaDec.o
       102          6          0         12          0       3306   LzmaLib.o
       700         48          0          0      20480        604   OBM_StartUp.o
      2588        598        111         48        228      21753   SPI.o
       156         88          0          0          0        616   asr_lzma.o
       468         68          0         12          0       4867   asr_property.o
       168         22          0         12          0       5866   bsp_tavor.o
       738        254        336          0          0      14750   fip_v2.o
       260          0          0          0          0       1787   guilin.o
       204          0          0          0          0       3388   guilin_lite.o
       786        424        310        548          0      17699   loadtable.o
      2328       1192        438         40      73868      83831   main.o
       398         40          0          0          0       1847   ningbo.o
      3726       1750        217          0        768      11995   ota.o
      2402        480         77         12         80     131129   pmic.o
        84         12          0          4          0       1922   ptable.o
       360        116         45         44          0       9199   qspi_core.o
       196         48          0          4          0      12295   qspi_dma.o
      2234        148          0          0         60      20174   qspi_host.o
      3180        678        149        926         88      18593   qspi_nor.o
      1056        120        196          0          0       8698   quec_spi.o
       792        350        105         12          0      15290   quec_spi_nor.o
       892        152          0         16          0      10743   quec_startup_gpio.o
      1848        880        587         16      16384       9648   secboot_v2.o
        54         10          0          4          0       3715   syscall.o
       266          0          0          0          0       6170   syscall_secboot.o
        20          0          0          0          0        555   syscall_ver.o
       912        234          0          0          0      10993   system.o
       516         72          9         12          0       6828   tinyalloc.o
       200         26          0          0          0       1844   uart.o
       776        332          0          3          0       3486   utilities.o
         0          0        128          0          0        780   version_block.o

    ----------------------------------------------------------------------
     33172       8284       2772       1888     111964     468717   Object Totals
        42         16          0          0          4          0   (incl. Generated)
        46          0         16          3          4          0   (incl. Padding)

    ----------------------------------------------------------------------

      Code (inc. data)   RO Data    RW Data    ZI Data      Debug   Library Member Name

       392          4         17          0          0         92   __printf_flags_ss_wp.o
        14          0          0          0          0         68   __printf_wp.o
         6          0          0          0          0          0   _printf_a.o
         6          0          0          0          0          0   _printf_c.o
        44          0          0          0          0        108   _printf_char.o
        48          6          0          0          0         96   _printf_char_common.o
        40          0          0          0          0         68   _printf_charcount.o
         6          0          0          0          0          0   _printf_d.o
       112         16          0          0          0         92   _printf_dec.o
         6          0          0          0          0          0   _printf_e.o
         6          0          0          0          0          0   _printf_f.o
      1038          0          0          0          0        216   _printf_fp_dec.o
       128         16          0          0          0         84   _printf_fp_infnan.o
         6          0          0          0          0          0   _printf_g.o
       148          4         40          0          0        160   _printf_hex_int_ll_ptr.o
         6          0          0          0          0          0   _printf_i.o
       178          0          0          0          0         88   _printf_intcommon.o
        10          0          0          0          0          0   _printf_l.o
         6          0          0          0          0          0   _printf_lc.o
        10          0          0          0          0          0   _printf_ll.o
         6          0          0          0          0          0   _printf_lld.o
         6          0          0          0          0          0   _printf_lli.o
         6          0          0          0          0          0   _printf_llo.o
         6          0          0          0          0          0   _printf_llu.o
         6          0          0          0          0          0   _printf_llx.o
       124         16          0          0          0         92   _printf_longlong_dec.o
         6          0          0          0          0          0   _printf_ls.o
         6          0          0          0          0          0   _printf_n.o
         6          0          0          0          0          0   _printf_o.o
       112          8          0          0          0        124   _printf_oct_int_ll.o
         6          0          0          0          0          0   _printf_p.o
        78          0          0          0          0        108   _printf_pad.o
         0          0          0          0          0          0   _printf_percent.o
         4          0          0          0          0          0   _printf_percent_end.o
         6          0          0          0          0          0   _printf_s.o
        82          0          0          0          0         80   _printf_str.o
        36          0          0          0          0         84   _printf_truncate.o
         6          0          0          0          0          0   _printf_u.o
        44          0          0          0          0        108   _printf_wchar.o
       188          6          8          0          0         92   _printf_wctomb.o
         6          0          0          0          0          0   _printf_x.o
        16          0          0          0          0         68   _snputc.o
        10          0          0          0          0         68   _sputc.o
        64          0          0          0          0         92   _wcrtomb.o
        12          0          0          0          0         68   aeabi_sdiv_cr4.o
       216          6        148          0          0         96   bigflt0.o
      1910        128          0          0          0        672   btod.o
        52          4          0          0          0         80   c89vsnprintf.o
        40          0          0          0          0         80   calloc.o
        10          0          0          0          0         68   defsig_exit.o
        50          0          0          0          0         88   defsig_general.o
        80         58          0          0          0         76   defsig_rtmem_inner.o
        14          0          0          0          0         80   defsig_rtmem_outer.o
        94          0          0          0          0         80   h1_alloc.o
        48          0          0          0          0         68   h1_extend.o
        78          0          0          0          0         80   h1_free.o
        14          0          0          0          0         84   h1_init.o
        80          6          0          4          0         96   heapauxa.o
         4          0          0          0          0        136   hguard.o
         0          0          0          0          0          0   indicate_semi.o
       136          0          0          0          0        168   init_alloc.o
        44         10        272          0          0         76   lc_ctype_c.o
        44         10         28          0          0         76   lc_numeric_c.o
         0          0          0          0          0          0   libinit2.o
       152          0          0          0          0         80   lludiv10.o
         0          0          0          0          0          0   maybetermalloc1.o
        88          0          0          0          0         76   memcmp.o
        16          4          0          0          0         76   rt_ctype_table.o
         8          4          0          0          4         68   rt_heap_descriptor.o
         8          4          0          0         20         68   rt_locale.o
        68          0          0          0          0         68   rt_memclr.o
        78          0          0          0          0         80   rt_memclr_w.o
       212          0          0          0          0         68   rt_memcpy.o
       100          0          0          0          0         80   rt_memcpy_w.o
       212          0          0          0          0         68   rt_memmove.o
       128          0          0          0          0         80   rt_memmove_w.o
        44          0          0          0          0         68   rtudiv10.o
       244          4          0          0          0         80   strcmp.o
        58          0          0          0          0         68   strlen.o
       240          4          0          0          0         80   strncmp.o
        12          4          0          0          0         68   sys_exit.o
        14          0          0          0          0         76   sys_wrch.o
        22          0          0          0          0         68   uread4.o
         2          0          0          0          0         68   use_no_semi.o
         4          0          0          0          0         68   printf1.o
         0          0          0          0          0          0   usenofp.o
        40          0          0          0          0         68   fpclassify.o

    ----------------------------------------------------------------------
      7736        322        516          4         24       5684   Library Totals
        20          0          3          0          0          0   (incl. Padding)

    ----------------------------------------------------------------------

      Code (inc. data)   RO Data    RW Data    ZI Data      Debug   Library Name

      7672        322        513          4         24       5548   c_2.l
         4          0          0          0          0         68   fz_2s.l
        40          0          0          0          0         68   m_2s.l

    ----------------------------------------------------------------------
      7736        322        516          4         24       5684   Library Totals

    ----------------------------------------------------------------------

==============================================================================


      Code (inc. data)   RO Data    RW Data    ZI Data      Debug   

     40908       8606       3288       1892     111988     457137   Grand Totals
     40908       8606       3288       1892     111988     457137   ELF Image Totals
     40908       8606       3288       1892          0          0   ROM Totals

==============================================================================

    Total RO  Size (Code + RO Data)                44196 (  43.16kB)
    Total RW  Size (RW Data + ZI Data)            113880 ( 111.21kB)
    Total ROM Size (Code + RO Data + RW Data)      46088 (  45.01kB)

==============================================================================

